 libetpan

 Timestamp is 5cb6d4ed (Wed Apr 17 15:25:33 2019)

 Preferred load address is 10000000

 Start         Length     Name                   Class
 0001:00000000 000066d0H .text$di                CODE
 0001:000066d0 000e5b40H .text$mn                CODE
 0001:000ec210 0000104bH .text$yd                CODE
 0002:00000000 00000104H .CRT$XCA                DATA
 0002:00000104 00000104H .CRT$XCU                DATA
 0002:00000208 00000104H .CRT$XCZ                DATA
 0002:0000030c 00000104H .CRT$XIA                DATA
 0002:00000410 00000104H .CRT$XIZ                DATA
 0002:00000514 00000104H .CRT$XPA                DATA
 0002:00000618 00000104H .CRT$XPZ                DATA
 0002:0000071c 00000104H .CRT$XTA                DATA
 0002:00000820 00000110H .CRT$XTZ                DATA
 0002:00000930 00003184H .rdata                  DATA
 0002:00003ab4 0000015cH .rdata$r                DATA
 0002:00003c10 0000010cH .rdata$sxdata           DATA
 0002:00003d1c 0000017cH .rdata$zzzdbg           DATA
 0002:00003e98 00000104H .rtc$IAA                DATA
 0002:00003f9c 00000440H .rtc$IMZ                DATA
 0002:000043dc 00000104H .rtc$IZZ                DATA
 0002:000044e0 00000104H .rtc$TAA                DATA
 0002:000045e4 00000440H .rtc$TMZ                DATA
 0002:00004a24 00000104H .rtc$TZZ                DATA
 0002:00004b28 00000228H .xdata$x                DATA
 0002:00004d50 0000bfc4H .edata                  DATA
 0003:00000000 00001e84H .data                   DATA
 0003:00001e84 00000144H .data$r                 DATA
 0003:00001fc8 000006e8H .bss                    DATA
 0004:00000000 000004ecH .idata$5                DATA
 0004:000004ec 000000a0H .idata$2                DATA
 0004:0000058c 00000014H .idata$3                DATA
 0004:000005a0 000004ecH .idata$4                DATA
 0004:00000a8c 00000b05H .idata$6                DATA
 0005:00000000 00000104H .00cfg                  DATA
 0006:00000000 00000170H .rsrc$01                DATA
 0006:00000170 000002ccH .rsrc$02                DATA

  Address         Publics by Value              Rva+Base       Lib:Object

 0000:00000000       ___dynamic_value_reloc_table 00000000     <absolute>
 0000:00000000       ___volatile_metadata       00000000     <absolute>
 0000:00000000       ___guard_longjmp_count     00000000     <absolute>
 0000:00000000       ___hybrid_auxiliary_iat    00000000     <absolute>
 0000:00000000       ___enclave_config          00000000     <absolute>
 0000:00000000       ___guard_iat_count         00000000     <absolute>
 0000:00000000       ___guard_fids_table        00000000     <absolute>
 0000:00000000       ___guard_longjmp_table     00000000     <absolute>
 0000:00000000       ___hybrid_code_map_count   00000000     <absolute>
 0000:00000000       ___guard_iat_table         00000000     <absolute>
 0000:00000000       ___hybrid_code_map         00000000     <absolute>
 0000:00000000       ___guard_fids_count        00000000     <absolute>
 0000:00000002       ___safe_se_handler_count   00000002     <absolute>
 0000:00000100       ___guard_flags             00000100     <absolute>
 0000:00000000       ___ImageBase               10000000     <linker-defined>
 0001:000066d0       _decode_base64             100076d0 f   base64.obj
 0001:00006b90       _encode_base64             10007b90 f   base64.obj
 0001:00006e80       _carray_add                10007e80 f   carray.obj
 0001:00006f20       _carray_delete             10007f20 f   carray.obj
 0001:00006fc0       _carray_delete_fast        10007fc0 f   carray.obj
 0001:00007020       _carray_delete_slow        10008020 f   carray.obj
 0001:000070e0       _carray_free               100080e0 f   carray.obj
 0001:00007160       _carray_new                10008160 f   carray.obj
 0001:00007250       _carray_set_size           10008250 f   carray.obj
 0001:00007320       _charconv                  10008320 f   charconv.obj
 0001:000074d0       _charconv_buffer           100084d0 f   charconv.obj
 0001:00007690       _charconv_buffer_free      10008690 f   charconv.obj
 0001:000078f0       _chash_begin               100088f0 f   chash.obj
 0001:00007980       _chash_clear               10008980 f   chash.obj
 0001:00007ac0       _chash_delete              10008ac0 f   chash.obj
 0001:00007d40       _chash_free                10008d40 f   chash.obj
 0001:00007f20       _chash_get                 10008f20 f   chash.obj
 0001:00008020       _chash_new                 10009020 f   chash.obj
 0001:00008130       _chash_next                10009130 f   chash.obj
 0001:000081d0       _chash_resize              100091d0 f   chash.obj
 0001:00008320       _chash_set                 10009320 f   chash.obj
 0001:000086f0       _clist_concat              100096f0 f   clist.obj
 0001:000087c0       _clist_delete              100097c0 f   clist.obj
 0001:000088c0       _clist_foreach             100098c0 f   clist.obj
 0001:00008940       _clist_free                10009940 f   clist.obj
 0001:000089e0       _clist_insert_after        100099e0 f   clist.obj
 0001:00008b50       _clist_insert_before       10009b50 f   clist.obj
 0001:00008cc0       _clist_new                 10009cc0 f   clist.obj
 0001:00008d50       _clist_nth                 10009d50 f   clist.obj
 0001:00008db0       _clist_nth_data            10009db0 f   clist.obj
 0001:00008e90       _mail_get_service_port     10009e90 f   connect.obj
 0001:00008f20       _mail_tcp_connect          10009f20 f   connect.obj
 0001:00008f80       _mail_tcp_connect_timeout  10009f80 f   connect.obj
 0001:00008ff0       _mail_tcp_connect_with_local_address 10009ff0 f   connect.obj
 0001:00009060       _mail_tcp_connect_with_local_address_timeout 1000a060 f   connect.obj
 0001:00009710       _maillock_read_lock        1000a710 f   maillock.obj
 0001:00009770       _maillock_read_unlock      1000a770 f   maillock.obj
 0001:000097d0       _maillock_write_lock       1000a7d0 f   maillock.obj
 0001:00009830       _maillock_write_unlock     1000a830 f   maillock.obj
 0001:00009980       _mailsasl_external_ref     1000a980 f   mailsasl.obj
 0001:00009a00       _mailsasl_init_lock        1000aa00 f   mailsasl.obj
 0001:00009a70       _mailsasl_ref              1000aa70 f   mailsasl.obj
 0001:00009b20       _mailsasl_uninit_lock      1000ab20 f   mailsasl.obj
 0001:00009b90       _mailsasl_unref            1000ab90 f   mailsasl.obj
 0001:00009c10       _mailsem_down              1000ac10 f   mailsem.obj
 0001:00009c60       _mailsem_free              1000ac60 f   mailsem.obj
 0001:00009e70       _mailsem_internal_wait     1000ae70 f   mailsem.obj
 0001:00009f20       _mailsem_new               1000af20 f   mailsem.obj
 0001:0000a020       _mailsem_up                1000b020 f   mailsem.obj
 0001:0000a180       _mailstream_cancel         1000b180 f   mailstream.obj
 0001:0000a1e0       _mailstream_certificate_chain_free 1000b1e0 f   mailstream.obj
 0001:0000a290       _mailstream_close          1000b290 f   mailstream.obj
 0001:0000a370       _mailstream_feed_read_buffer 1000b370 f   mailstream.obj
 0001:0000a420       _mailstream_flush          1000b420 f   mailstream.obj
 0001:0000a510       _mailstream_get_certificate_chain 1000b510 f   mailstream.obj
 0001:0000a570       _mailstream_get_low        1000b570 f   mailstream.obj
 0001:0000a5b0       _mailstream_interrupt_idle 1000b5b0 f   mailstream.obj
 0001:0000a630       _mailstream_log_error      1000b630 f   mailstream.obj
 0001:0000a690       _mailstream_new            1000b690 f   mailstream.obj
 0001:0000a820       _mailstream_read           1000b820 f   mailstream.obj
 0001:0000a880       _mailstream_read_hj        1000b880 f   mailstream.obj
 0001:0000aa40       _mailstream_set_logger     1000ba40 f   mailstream.obj
 0001:0000aa90       _mailstream_set_low        1000ba90 f   mailstream.obj
 0001:0000ab00       _mailstream_set_privacy    1000bb00 f   mailstream.obj
 0001:0000ab60       _mailstream_setup_idle     1000bb60 f   mailstream.obj
 0001:0000ac00       _mailstream_unsetup_idle   1000bc00 f   mailstream.obj
 0001:0000aca0       _mailstream_wait_idle      1000bca0 f   mailstream.obj
 0001:0000ad00       _mailstream_write          1000bd00 f   mailstream.obj
 0001:0000ad60       _mailstream_write_hj       1000bd60 f   mailstream.obj
 0001:0000b0a0       _mailstream_cancel_ack     1000c0a0 f   mailstream_cancel.obj
 0001:0000b0d0       _mailstream_cancel_cancelled 1000c0d0 f   mailstream_cancel.obj
 0001:0000b160       _mailstream_cancel_free    1000c160 f   mailstream_cancel.obj
 0001:0000b220       _mailstream_cancel_get_fd  1000c220 f   mailstream_cancel.obj
 0001:0000b270       _mailstream_cancel_new     1000c270 f   mailstream_cancel.obj
 0001:0000b3e0       _mailstream_cancel_notify  1000c3e0 f   mailstream_cancel.obj
 0001:0000b6d0       _mailstream_cfstream_is_ssl_enabled 1000c6d0 f   mailstream_cfstream.obj
 0001:0000b700       _mailstream_cfstream_open  1000c700 f   mailstream_cfstream.obj
 0001:0000b760       _mailstream_cfstream_open_timeout 1000c760 f   mailstream_cfstream.obj
 0001:0000b7c0       _mailstream_cfstream_open_voip 1000c7c0 f   mailstream_cfstream.obj
 0001:0000b820       _mailstream_cfstream_open_voip_timeout 1000c820 f   mailstream_cfstream.obj
 0001:0000b850       _mailstream_cfstream_set_ssl_enabled 1000c850 f   mailstream_cfstream.obj
 0001:0000b890       _mailstream_cfstream_set_ssl_is_server 1000c890 f   mailstream_cfstream.obj
 0001:0000b8c0       _mailstream_cfstream_set_ssl_level 1000c8c0 f   mailstream_cfstream.obj
 0001:0000b8f0       _mailstream_cfstream_set_ssl_peer_name 1000c8f0 f   mailstream_cfstream.obj
 0001:0000b920       _mailstream_cfstream_set_ssl_verification_mask 1000c920 f   mailstream_cfstream.obj
 0001:0000b950       _mailstream_cfstream_wait_idle 1000c950 f   mailstream_cfstream.obj
 0001:0000b9b0       _mailstream_low_cfstream_open 1000c9b0 f   mailstream_cfstream.obj
 0001:0000ba10       _mailstream_low_cfstream_open_timeout 1000ca10 f   mailstream_cfstream.obj
 0001:0000ba80       _mailstream_low_cfstream_open_voip 1000ca80 f   mailstream_cfstream.obj
 0001:0000bae0       _mailstream_low_cfstream_open_voip_timeout 1000cae0 f   mailstream_cfstream.obj
 0001:0000bb10       _mailstream_low_cfstream_wait_idle 1000cb10 f   mailstream_cfstream.obj
 0001:0000c250       _mailstream_low_compress_open 1000d250 f   mailstream_compress.obj
 0001:0000c4f0       _mailstream_low_compress_wait_idle 1000d4f0 f   mailstream_compress.obj
 0001:0000c6c0       _mailstream_get_data_crlf_size 1000d6c0 f   mailstream_helper.obj
 0001:0000c7c0       _mailstream_is_end_multiline 1000d7c0 f   mailstream_helper.obj
 0001:0000c8d0       _mailstream_read_line      1000d8d0 f   mailstream_helper.obj
 0001:0000c950       _mailstream_read_line_append 1000d950 f   mailstream_helper.obj
 0001:0000ca70       _mailstream_read_line_remove_eol 1000da70 f   mailstream_helper.obj
 0001:0000caf0       _mailstream_read_multiline 1000daf0 f   mailstream_helper.obj
 0001:0000ccd0       _mailstream_send_data      1000dcd0 f   mailstream_helper.obj
 0001:0000cd40       _mailstream_send_data_crlf 1000dd40 f   mailstream_helper.obj
 0001:0000cdb0       _mailstream_send_data_crlf_with_context 1000ddb0 f   mailstream_helper.obj
 0001:0000cee0       _mailstream_send_data_with_context 1000dee0 f   mailstream_helper.obj
 0001:0000d620       _mailstream_low_cancel     1000e620 f   mailstream_low.obj
 0001:0000d6a0       _mailstream_low_close      1000e6a0 f   mailstream_low.obj
 0001:0000d710       _mailstream_low_free       1000e710 f   mailstream_low.obj
 0001:0000d7a0       _mailstream_low_get_cancel 1000e7a0 f   mailstream_low.obj
 0001:0000d820       _mailstream_low_get_certificate_chain 1000e820 f   mailstream_low.obj
 0001:0000d8a0       _mailstream_low_get_fd     1000e8a0 f   mailstream_low.obj
 0001:0000d910       _mailstream_low_get_identifier 1000e910 f   mailstream_low.obj
 0001:0000d950       _mailstream_low_get_timeout 1000e950 f   mailstream_low.obj
 0001:0000d990       _mailstream_low_interrupt_idle 1000e990 f   mailstream_low.obj
 0001:0000da10       _mailstream_low_log_error  1000ea10 f   mailstream_low.obj
 0001:0000dc00       _mailstream_low_new        1000ec00 f   mailstream_low.obj
 0001:0000dcc0       _mailstream_low_read       1000ecc0 f   mailstream_low.obj
 0001:0000e600       _mailstream_low_set_identifier 1000f600 f   mailstream_low.obj
 0001:0000e680       _mailstream_low_set_logger 1000f680 f   mailstream_low.obj
 0001:0000e6d0       _mailstream_low_set_privacy 1000f6d0 f   mailstream_low.obj
 0001:0000e710       _mailstream_low_set_timeout 1000f710 f   mailstream_low.obj
 0001:0000e750       _mailstream_low_setup_idle 1000f750 f   mailstream_low.obj
 0001:0000e7d0       _mailstream_low_unsetup_idle 1000f7d0 f   mailstream_low.obj
 0001:0000e850       _mailstream_low_wait_idle  1000f850 f   mailstream_low.obj
 0001:0000ecb0       _mailstream_low_write      1000fcb0 f   mailstream_low.obj
 0001:00010290       _mailstream_low_socket_open 10011290 f   mailstream_socket.obj
 0001:00010330       _mailstream_socket_open    10011330 f   mailstream_socket.obj
 0001:00010390       _mailstream_socket_open_timeout 10011390 f   mailstream_socket.obj
 0001:00010440       _mailstream_socket_set_use_read 10011440 f   mailstream_socket.obj
 0001:00010bb0       _mailstream_gnutls_init_not_required 10011bb0 f   mailstream_ssl.obj
 0001:00010be0       _mailstream_low_ssl_open   10011be0 f   mailstream_ssl.obj
 0001:00010d10       _mailstream_low_ssl_open_timeout 10011d10 f   mailstream_ssl.obj
 0001:00010d70       _mailstream_low_ssl_open_with_callback 10011d70 f   mailstream_ssl.obj
 0001:00010dd0       _mailstream_low_ssl_open_with_callback_timeout 10011dd0 f   mailstream_ssl.obj
 0001:00010e40       _mailstream_low_tls_open   10011e40 f   mailstream_ssl.obj
 0001:00010ea0       _mailstream_low_tls_open_timeout 10011ea0 f   mailstream_ssl.obj
 0001:00010f00       _mailstream_low_tls_open_with_callback 10011f00 f   mailstream_ssl.obj
 0001:00010f60       _mailstream_low_tls_open_with_callback_timeout 10011f60 f   mailstream_ssl.obj
 0001:00011090       _mailstream_openssl_init_not_required 10012090 f   mailstream_ssl.obj
 0001:00011290       _mailstream_ssl_get_certificate 10012290 f   mailstream_ssl.obj
 0001:000113f0       _mailstream_ssl_get_fd     100123f0 f   mailstream_ssl.obj
 0001:00011430       _mailstream_ssl_get_openssl_ssl_ctx 10012430 f   mailstream_ssl.obj
 0001:00011520       _mailstream_ssl_init_lock  10012520 f   mailstream_ssl.obj
 0001:00011590       _mailstream_ssl_init_not_required 10012590 f   mailstream_ssl.obj
 0001:000115e0       _mailstream_ssl_open       100125e0 f   mailstream_ssl.obj
 0001:00011640       _mailstream_ssl_open_timeout 10012640 f   mailstream_ssl.obj
 0001:000116a0       _mailstream_ssl_open_with_callback 100126a0 f   mailstream_ssl.obj
 0001:00011700       _mailstream_ssl_open_with_callback_timeout 10012700 f   mailstream_ssl.obj
 0001:000117b0       _mailstream_ssl_set_client_certicate 100127b0 f   mailstream_ssl.obj
 0001:00011840       _mailstream_ssl_set_client_certificate_data 10012840 f   mailstream_ssl.obj
 0001:000118d0       _mailstream_ssl_set_client_private_key_data 100128d0 f   mailstream_ssl.obj
 0001:00011960       _mailstream_ssl_set_server_certicate 10012960 f   mailstream_ssl.obj
 0001:000119f0       _mailstream_ssl_set_server_name 100129f0 f   mailstream_ssl.obj
 0001:00011ab0       _mailstream_ssl_uninit_lock 10012ab0 f   mailstream_ssl.obj
 0001:00012a50       _mail_cache_db_clean_up    10013a50 f   mail_cache_db.obj
 0001:00012a90       _mail_cache_db_close       10013a90 f   mail_cache_db.obj
 0001:00012ac0       _mail_cache_db_close_unlock 10013ac0 f   mail_cache_db.obj
 0001:00012b20       _mail_cache_db_del         10013b20 f   mail_cache_db.obj
 0001:00012b60       _mail_cache_db_get         10013b60 f   mail_cache_db.obj
 0001:00012ba0       _mail_cache_db_get_keys    10013ba0 f   mail_cache_db.obj
 0001:00012be0       _mail_cache_db_get_size    10013be0 f   mail_cache_db.obj
 0001:00012c20       _mail_cache_db_open        10013c20 f   mail_cache_db.obj
 0001:00012c60       _mail_cache_db_open_lock   10013c60 f   mail_cache_db.obj
 0001:00012d40       _mail_cache_db_put         10013d40 f   mail_cache_db.obj
 0001:000145a0       _lep_MD5Final              100155a0 f   md5.obj
 0001:00014700       _lep_MD5Init               10015700 f   md5.obj
 0001:000147c0       _lep_MD5Update             100157c0 f   md5.obj
 0001:00014990       _lep_hmac_md5              10015990 f   md5.obj
 0001:00014c70       _lep_hmac_md5_final        10015c70 f   md5.obj
 0001:00014d00       _lep_hmac_md5_import       10015d00 f   md5.obj
 0001:00014e00       _lep_hmac_md5_init         10015e00 f   md5.obj
 0001:000150d0       _lep_hmac_md5_precalc      100160d0 f   md5.obj
 0001:00015270       _mmap_string_append        10016270 f   mmapstring.obj
 0001:000152e0       _mmap_string_append_c      100162e0 f   mmapstring.obj
 0001:00015340       _mmap_string_append_len    10016340 f   mmapstring.obj
 0001:000153a0       _mmap_string_assign        100163a0 f   mmapstring.obj
 0001:00015420       _mmap_string_erase         10016420 f   mmapstring.obj
 0001:000154d0       _mmap_string_free          100164d0 f   mmapstring.obj
 0001:00015560       _mmap_string_insert        10016560 f   mmapstring.obj
 0001:000155d0       _mmap_string_insert_c      100165d0 f   mmapstring.obj
 0001:000156b0       _mmap_string_insert_len    100166b0 f   mmapstring.obj
 0001:00015860       _mmap_string_new           10016860 f   mmapstring.obj
 0001:00015920       _mmap_string_new_len       10016920 f   mmapstring.obj
 0001:000159c0       _mmap_string_prepend       100169c0 f   mmapstring.obj
 0001:00015a30       _mmap_string_prepend_c     10016a30 f   mmapstring.obj
 0001:00015a90       _mmap_string_prepend_len   10016a90 f   mmapstring.obj
 0001:00015b80       _mmap_string_ref           10016b80 f   mmapstring.obj
 0001:00015cd0       _mmap_string_set_ceil      10016cd0 f   mmapstring.obj
 0001:00015d10       _mmap_string_set_size      10016d10 f   mmapstring.obj
 0001:00015da0       _mmap_string_set_tmpdir    10016da0 f   mmapstring.obj
 0001:00015e50       _mmap_string_sized_new     10016e50 f   mmapstring.obj
 0001:00015f70       _mmap_string_truncate      10016f70 f   mmapstring.obj
 0001:00015ff0       _mmap_string_unref         10016ff0 f   mmapstring.obj
 0001:00016210       _mmapstring_init_lock      10017210 f   mmapstring.obj
 0001:00016270       _mmapstring_uninit_lock    10017270 f   mmapstring.obj
 0001:000163a0       _mail_mkgmtime             100173a0 f   timeutils.obj
 0001:00016760       _data_message_detach_mime  10017760 f   data_message_driver.obj
 0001:000167a0       _data_message_init         100177a0 f   data_message_driver.obj
 0001:00016f40       ___local_stdio_printf_options 10017f40 f i feeddriver.obj
 0001:00016f80       __snprintf                 10017f80 f i feeddriver.obj
 0001:00017000       __vfprintf_l               10018000 f i feeddriver.obj
 0001:00017080       __vsnprintf                10018080 f i feeddriver.obj
 0001:000170e0       __vsnprintf_l              100180e0 f i feeddriver.obj
 0001:000176f0       _fprintf                   100186f0 f i feeddriver.obj
 0001:000189a0       _feed_mailstorage_init     100199a0 f   feedstorage.obj
 0001:00018b90       _hotmail_mailstorage_init  10019b90 f   hotmailstorage.obj
 0001:00023390       _imap_add_envelope_fetch_att 10024390 f   imapdriver_tools.obj
 0001:00023670       _imap_address_to_address   10024670 f   imapdriver_tools.obj
 0001:00023760       _imap_address_to_mailbox   10024760 f   imapdriver_tools.obj
 0001:00024860       _imap_body_to_body         10025860 f   imapdriver_tools.obj
 0001:00025ef0       _imap_env_to_fields        10026ef0 f   imapdriver_tools.obj
 0001:000270a0       _imap_error_to_mail_error  100280a0 f   imapdriver_tools.obj
 0001:00027360       _imap_fetch_flags          10028360 f   imapdriver_tools.obj
 0001:000275d0       _imap_fetch_result_to_envelop_list 100285d0 f   imapdriver_tools.obj
 0001:00027c30       _imap_flags_to_flags       10028c30 f   imapdriver_tools.obj
 0001:00027f90       _imap_flags_to_imap_flags  10028f90 f   imapdriver_tools.obj
 0001:00028430       _imap_get_messages_list    10029430 f   imapdriver_tools.obj
 0001:000286a0       _imap_get_msg_att_info     100296a0 f   imapdriver_tools.obj
 0001:00028bb0       _imap_list_to_list         10029bb0 f   imapdriver_tools.obj
 0001:00028d80       _imap_mailbox_list_to_address_list 10029d80 f   imapdriver_tools.obj
 0001:00029330       _imap_mailbox_list_to_mailbox_list 1002a330 f   imapdriver_tools.obj
 0001:00029500       _imap_msg_list_to_imap_set 1002a500 f   imapdriver_tools.obj
 0001:00029790       _imap_section_to_imap_section 1002a790 f   imapdriver_tools.obj
 0001:00029a30       _imap_store_flags          1002aa30 f   imapdriver_tools.obj
 0001:00029ea0       _imapdriver_get_cached_envelope 1002aea0 f   imapdriver_tools.obj
 0001:00029fc0       _imapdriver_write_cached_envelope 1002afc0 f   imapdriver_tools.obj
 0001:0002a0d0       _mailimf_date_time_to_imap_date 1002b0d0 f   imapdriver_tools.obj
 0001:0002a7a0       _imap_mailstorage_init     1002b7a0 f   imapstorage.obj
 0001:0002a830       _imap_mailstorage_init_sasl 1002b830 f   imapstorage.obj
 0001:0002a8d0       _imap_mailstorage_init_sasl_with_local_address 1002b8d0 f   imapstorage.obj
 0001:00030200       _maildir_get_messages_list 10031200 f   maildirdriver_tools.obj
 0001:00030510       _maildirdriver_flags_to_maildir_flags 10031510 f   maildirdriver_tools.obj
 0001:000305c0       _maildirdriver_maildir_error_to_mail_error 100315c0 f   maildirdriver_tools.obj
 0001:00030680       _maildirdriver_maildir_flags_to_flags 10031680 f   maildirdriver_tools.obj
 0001:00030a30       _maildir_mailstorage_init  10031a30 f   maildirstorage.obj
 0001:00036010       _mbox_get_locked_messages_list 10037010 f   mboxdriver_tools.obj
 0001:00036290       _mbox_get_messages_list    10037290 f   mboxdriver_tools.obj
 0001:00036300       _mbox_get_uid_messages_list 10037300 f   mboxdriver_tools.obj
 0001:00036370       _mboxdriver_fetch_header   10037370 f   mboxdriver_tools.obj
 0001:00036480       _mboxdriver_fetch_msg      10037480 f   mboxdriver_tools.obj
 0001:00036590       _mboxdriver_fetch_size     10037590 f   mboxdriver_tools.obj
 0001:000366e0       _mboxdriver_get_cached_flags 100376e0 f   mboxdriver_tools.obj
 0001:000368e0       _mboxdriver_mbox_error_to_mail_error 100378e0 f   mboxdriver_tools.obj
 0001:000369c0       _mboxdriver_write_cached_flags 100379c0 f   mboxdriver_tools.obj
 0001:00036eb0       _mbox_mailstorage_init     10037eb0 f   mboxstorage.obj
 0001:0003d510       _mh_get_messages_list      1003e510 f   mhdriver_tools.obj
 0001:0003d710       _mhdriver_fetch_header     1003e710 f   mhdriver_tools.obj
 0001:0003da80       _mhdriver_fetch_message    1003ea80 f   mhdriver_tools.obj
 0001:0003dd80       _mhdriver_fetch_size       1003ed80 f   mhdriver_tools.obj
 0001:0003dee0       _mhdriver_get_cached_flags 1003eee0 f   mhdriver_tools.obj
 0001:0003e0d0       _mhdriver_mh_error_to_mail_error 1003f0d0 f   mhdriver_tools.obj
 0001:0003e190       _mhdriver_write_cached_flags 1003f190 f   mhdriver_tools.obj
 0001:0003e5d0       _mh_mailstorage_init       1003f5d0 f   mhstorage.obj
 0001:0003f530       _mime_message_detach_mime  10040530 f   mime_message_driver.obj
 0001:0003f570       _mime_message_init         10040570 f   mime_message_driver.obj
 0001:0003f630       _mime_message_set_tmpdir   10040630 f   mime_message_driver.obj
 0001:000452b0       _nntp_get_messages_list    100462b0 f   nntpdriver_tools.obj
 0001:00045550       _nntpdriver_article        10046550 f   nntpdriver_tools.obj
 0001:000456e0       _nntpdriver_authenticate_password 100466e0 f   nntpdriver_tools.obj
 0001:00045780       _nntpdriver_authenticate_user 10046780 f   nntpdriver_tools.obj
 0001:00045850       _nntpdriver_get_cached_flags 10046850 f   nntpdriver_tools.obj
 0001:00045980       _nntpdriver_head           10046980 f   nntpdriver_tools.obj
 0001:00045b10       _nntpdriver_mode_reader    10046b10 f   nntpdriver_tools.obj
 0001:00045c10       _nntpdriver_nntp_error_to_mail_error 10046c10 f   nntpdriver_tools.obj
 0001:00045d70       _nntpdriver_select_folder  10046d70 f   nntpdriver_tools.obj
 0001:00045fe0       _nntpdriver_size           10046fe0 f   nntpdriver_tools.obj
 0001:00046150       _nntpdriver_write_cached_flags 10047150 f   nntpdriver_tools.obj
 0001:00046640       _nntp_mailstorage_init     10047640 f   nntpstorage.obj
 0001:000466d0       _nntp_mailstorage_init_with_local_address 100476d0 f   nntpstorage.obj
 0001:0004ad80       _pop3_get_messages_list    1004bd80 f   pop3driver_tools.obj
 0001:0004b000       _pop3driver_get_cached_flags 1004c000 f   pop3driver_tools.obj
 0001:0004b1c0       _pop3driver_header         1004c1c0 f   pop3driver_tools.obj
 0001:0004b2d0       _pop3driver_pop3_error_to_mail_error 1004c2d0 f   pop3driver_tools.obj
 0001:0004b3f0       _pop3driver_retr           1004c3f0 f   pop3driver_tools.obj
 0001:0004b500       _pop3driver_size           1004c500 f   pop3driver_tools.obj
 0001:0004b630       _pop3driver_write_cached_flags 1004c630 f   pop3driver_tools.obj
 0001:0004bd30       _pop3_mailstorage_init     1004cd30 f   pop3storage.obj
 0001:0004be00       _pop3_mailstorage_init_sasl 1004ce00 f   pop3storage.obj
 0001:0004bea0       _pop3_mailstorage_init_sasl_with_local_address 1004cea0 f   pop3storage.obj
 0001:0004c6b0       _mailsession_append_message 1004d6b0 f   maildriver.obj
 0001:0004c740       _mailsession_append_message_flags 1004d740 f   maildriver.obj
 0001:0004c7d0       _mailsession_build_folder_name 1004d7d0 f   maildriver.obj
 0001:0004c860       _mailsession_check_folder  1004d860 f   maildriver.obj
 0001:0004c8e0       _mailsession_connect_path  1004d8e0 f   maildriver.obj
 0001:0004c960       _mailsession_connect_stream 1004d960 f   maildriver.obj
 0001:0004c9e0       _mailsession_copy_message  1004d9e0 f   maildriver.obj
 0001:0004ca70       _mailsession_create_folder 1004da70 f   maildriver.obj
 0001:0004caf0       _mailsession_delete_folder 1004daf0 f   maildriver.obj
 0001:0004cb70       _mailsession_examine_folder 1004db70 f   maildriver.obj
 0001:0004cbf0       _mailsession_expunge_folder 1004dbf0 f   maildriver.obj
 0001:0004cc70       _mailsession_free          1004dc70 f   maildriver.obj
 0001:0004cd00       _mailsession_get_envelopes_list 1004dd00 f   maildriver.obj
 0001:0004cd90       _mailsession_get_message   1004dd90 f   maildriver.obj
 0001:0004ce20       _mailsession_get_message_by_uid 1004de20 f   maildriver.obj
 0001:0004ceb0       _mailsession_get_messages_list 1004deb0 f   maildriver.obj
 0001:0004cf40       _mailsession_list_folders  1004df40 f   maildriver.obj
 0001:0004cfd0       _mailsession_login         1004dfd0 f   maildriver.obj
 0001:0004d060       _mailsession_login_sasl    1004e060 f   maildriver.obj
 0001:0004d110       _mailsession_logout        1004e110 f   maildriver.obj
 0001:0004d190       _mailsession_lsub_folders  1004e190 f   maildriver.obj
 0001:0004d220       _mailsession_messages_number 1004e220 f   maildriver.obj
 0001:0004d2b0       _mailsession_move_message  1004e2b0 f   maildriver.obj
 0001:0004d3b0       _mailsession_new           1004e3b0 f   maildriver.obj
 0001:0004d480       _mailsession_noop          1004e480 f   maildriver.obj
 0001:0004d500       _mailsession_parameters    1004e500 f   maildriver.obj
 0001:0004d590       _mailsession_recent_number 1004e590 f   maildriver.obj
 0001:0004d620       _mailsession_remove_message 1004e620 f   maildriver.obj
 0001:0004d6b0       _mailsession_rename_folder 1004e6b0 f   maildriver.obj
 0001:0004d740       _mailsession_select_folder 1004e740 f   maildriver.obj
 0001:0004d7c0       _mailsession_starttls      1004e7c0 f   maildriver.obj
 0001:0004d840       _mailsession_status_folder 1004e840 f   maildriver.obj
 0001:0004d8d0       _mailsession_subscribe_folder 1004e8d0 f   maildriver.obj
 0001:0004d950       _mailsession_unseen_number 1004e950 f   maildriver.obj
 0001:0004d9e0       _mailsession_unsubscribe_folder 1004e9e0 f   maildriver.obj
 0001:0004dae0       _maildriver_cache_clean_up 1004eae0 f   maildriver_tools.obj
 0001:0004dde0       _maildriver_env_list_to_msg_list 1004ede0 f   maildriver_tools.obj
 0001:0004df70       _maildriver_env_list_to_msg_list_no_flags 1004ef70 f   maildriver_tools.obj
 0001:0004e100       _maildriver_generic_get_envelopes_list 1004f100 f   maildriver_tools.obj
 0001:0004e210       _maildriver_imf_error_to_mail_error 1004f210 f   maildriver_tools.obj
 0001:0004e2b0       _maildriver_message_cache_clean_up 1004f2b0 f   maildriver_tools.obj
 0001:0004e720       _maildriver_quote_mailbox  1004f720 f   maildriver_tools.obj
 0001:0004e980       _libetpan_free             1004f980 f   maildriver_types.obj
 0001:0004e9e0       _libetpan_malloc           1004f9e0 f   maildriver_types.obj
 0001:0004ea40       _mail_flags_free           1004fa40 f   maildriver_types.obj
 0001:0004ead0       _mail_flags_new            1004fad0 f   maildriver_types.obj
 0001:0004eb60       _mail_flags_new_empty      1004fb60 f   maildriver_types.obj
 0001:0004ec10       _mail_list_free            1004fc10 f   maildriver_types.obj
 0001:0004eca0       _mail_list_new             1004fca0 f   maildriver_types.obj
 0001:0004ed20       _maildriver_strerror       1004fd20 f   maildriver_types.obj
 0001:0004edb0       _mailimf_date_time_comp    1004fdb0 f   maildriver_types.obj
 0001:0004eec0       _mailmessage_list_free     1004fec0 f   maildriver_types.obj
 0001:0004ef90       _mailmessage_list_new      1004ff90 f   maildriver_types.obj
 0001:0004f010       _mail_flags_add_extension  10050010 f   maildriver_types_helper.obj
 0001:0004f100       _mail_flags_has_extension  10050100 f   maildriver_types_helper.obj
 0001:0004f1f0       _mail_flags_remove_extension 100501f0 f   maildriver_types_helper.obj
 0001:0004f390       _mailfolder_append_message 10050390 f   mailfolder.obj
 0001:0004f3f0       _mailfolder_append_message_flags 100503f0 f   mailfolder.obj
 0001:0004f450       _mailfolder_check          10050450 f   mailfolder.obj
 0001:0004f4b0       _mailfolder_expunge        100504b0 f   mailfolder.obj
 0001:0004f510       _mailfolder_get_envelopes_list 10050510 f   mailfolder.obj
 0001:0004f570       _mailfolder_get_message    10050570 f   mailfolder.obj
 0001:0004f630       _mailfolder_get_message_by_uid 10050630 f   mailfolder.obj
 0001:0004f6f0       _mailfolder_get_messages_list 100506f0 f   mailfolder.obj
 0001:0004f880       _mailfolder_noop           10050880 f   mailfolder.obj
 0001:0004f8e0       _mailfolder_status         100508e0 f   mailfolder.obj
 0001:0004f950       _mailmessage_check         10050950 f   mailmessage.obj
 0001:0004f9d0       _mailmessage_fetch         100509d0 f   mailmessage.obj
 0001:0004fa60       _mailmessage_fetch_body    10050a60 f   mailmessage.obj
 0001:0004faf0       _mailmessage_fetch_envelope 10050af0 f   mailmessage.obj
 0001:0004fb70       _mailmessage_fetch_header  10050b70 f   mailmessage.obj
 0001:0004fc00       _mailmessage_fetch_result_free 10050c00 f   mailmessage.obj
 0001:0004fc80       _mailmessage_fetch_section 10050c80 f   mailmessage.obj
 0001:0004fd10       _mailmessage_fetch_section_body 10050d10 f   mailmessage.obj
 0001:0004fda0       _mailmessage_fetch_section_header 10050da0 f   mailmessage.obj
 0001:0004fe30       _mailmessage_fetch_section_mime 10050e30 f   mailmessage.obj
 0001:0004fec0       _mailmessage_fetch_size    10050ec0 f   mailmessage.obj
 0001:0004ff40       _mailmessage_flush         10050f40 f   mailmessage.obj
 0001:0004ffc0       _mailmessage_get_bodystructure 10050fc0 f   mailmessage.obj
 0001:00050040       _mailmessage_get_flags     10051040 f   mailmessage.obj
 0001:00050130       _mailmessage_init          10051130 f   mailmessage.obj
 0001:00050290       _mailmessage_resolve_single_fields 10051290 f   mailmessage.obj
 0001:00050310       _mailmessage_generic_fetch 10051310 f   mailmessage_tools.obj
 0001:00050420       _mailmessage_generic_fetch_body 10051420 f   mailmessage_tools.obj
 0001:000505d0       _mailmessage_generic_fetch_envelope 100515d0 f   mailmessage_tools.obj
 0001:00050740       _mailmessage_generic_fetch_header 10051740 f   mailmessage_tools.obj
 0001:000508f0       _mailmessage_generic_fetch_result_free 100518f0 f   mailmessage_tools.obj
 0001:00050940       _mailmessage_generic_fetch_section 10051940 f   mailmessage_tools.obj
 0001:00050a10       _mailmessage_generic_fetch_section_body 10051a10 f   mailmessage_tools.obj
 0001:00050bd0       _mailmessage_generic_fetch_section_header 10051bd0 f   mailmessage_tools.obj
 0001:00050d80       _mailmessage_generic_fetch_section_mime 10051d80 f   mailmessage_tools.obj
 0001:00050f20       _mailmessage_generic_flush 10051f20 f   mailmessage_tools.obj
 0001:00050fe0       _mailmessage_generic_get_bodystructure 10051fe0 f   mailmessage_tools.obj
 0001:00051050       _mailmessage_generic_initialize 10052050 f   mailmessage_tools.obj
 0001:00051300       _mailmessage_generic_uninitialize 10052300 f   mailmessage_tools.obj
 0001:00051380       _mailmessage_free          10052380 f   mailmessage_types.obj
 0001:000514a0       _mailmessage_new           100524a0 f   mailmessage_types.obj
 0001:00051650       _mailfolder_add_child      10052650 f   mailstorage.obj
 0001:00051710       _mailfolder_connect        10052710 f   mailstorage.obj
 0001:00051950       _mailfolder_detach_parent  10052950 f   mailstorage.obj
 0001:00051a60       _mailfolder_disconnect     10052a60 f   mailstorage.obj
 0001:00051b20       _mailfolder_free           10052b20 f   mailstorage.obj
 0001:00051c60       _mailfolder_new            10052c60 f   mailstorage.obj
 0001:00051e50       _mailstorage_connect       10052e50 f   mailstorage.obj
 0001:00051f10       _mailstorage_disconnect    10052f10 f   mailstorage.obj
 0001:00051fc0       _mailstorage_free          10052fc0 f   mailstorage.obj
 0001:00052140       _mailstorage_new           10053140 f   mailstorage.obj
 0001:00052280       _mailstorage_noop          10053280 f   mailstorage.obj
 0001:000522e0       _mailstorage_generic_auth  100532e0 f   mailstorage_tools.obj
 0001:00052350       _mailstorage_generic_auth_sasl 10053350 f   mailstorage_tools.obj
 0001:000524a0       _mailstorage_generic_connect 100534a0 f   mailstorage_tools.obj
 0001:00052520       _mailstorage_generic_connect_with_local_address 10053520 f   mailstorage_tools.obj
 0001:00052de0       _generic_cache_create_dir  10053de0 f   generic_cache.obj
 0001:00052ee0       _generic_cache_delete      10053ee0 f   generic_cache.obj
 0001:00052f70       _generic_cache_fields_read 10053f70 f   generic_cache.obj
 0001:00053110       _generic_cache_fields_write 10054110 f   generic_cache.obj
 0001:00053240       _generic_cache_flags_read  10054240 f   generic_cache.obj
 0001:00053400       _generic_cache_flags_write 10054400 f   generic_cache.obj
 0001:00053530       _generic_cache_read        10054530 f   generic_cache.obj
 0001:00053740       _generic_cache_store       10054740 f   generic_cache.obj
 0001:00053ac0       _mail_flags_compare        10054ac0 f   generic_cache.obj
 0001:00053e20       _mail_flags_store_clear    10054e20 f   generic_cache.obj
 0001:00053f30       _mail_flags_store_free     10054f30 f   generic_cache.obj
 0001:00053fc0       _mail_flags_store_get      10054fc0 f   generic_cache.obj
 0001:000540e0       _mail_flags_store_new      100550e0 f   generic_cache.obj
 0001:000541d0       _mail_flags_store_set      100551d0 f   generic_cache.obj
 0001:00054410       _mail_flags_store_sort     10055410 f   generic_cache.obj
 0001:000546f0       _mail_serialize_clear      100556f0 f   imfcache.obj
 0001:00054760       _mail_serialize_read       10055760 f   imfcache.obj
 0001:00054800       _mail_serialize_write      10055800 f   imfcache.obj
 0001:00055e50       _mailimf_cache_fields_read 10056e50 f   imfcache.obj
 0001:00056030       _mailimf_cache_fields_write 10057030 f   imfcache.obj
 0001:00056600       _mailimf_cache_int_read    10057600 f   imfcache.obj
 0001:000566f0       _mailimf_cache_int_write   100576f0 f   imfcache.obj
 0001:00057790       _mailimf_cache_string_read 10058790 f   imfcache.obj
 0001:00057930       _mailimf_cache_string_write 10058930 f   imfcache.obj
 0001:00058a40       _mail_build_thread         10059a40 f   mailthread.obj
 0001:0005a680       _mail_thread_sort          1005b680 f   mailthread.obj
 0001:0005a790       _mailthread_tree_timecomp  1005b790 f   mailthread.obj
 0001:0005af30       _mailmessage_tree_free     1005bf30 f   mailthread_types.obj
 0001:0005b000       _mailmessage_tree_free_recursive 1005c000 f   mailthread_types.obj
 0001:0005b0b0       _mailmessage_tree_new      1005c0b0 f   mailthread_types.obj
 0001:0005beb0       _newsfeed_iso8601_date_parse 1005ceb0 f   date.obj
 0001:0005bfe0       _newsfeed_add_item         1005cfe0 f   newsfeed.obj
 0001:0005c040       _newsfeed_free             1005d040 f   newsfeed.obj
 0001:0005c1b0       _newsfeed_get_author       1005d1b0 f   newsfeed.obj
 0001:0005c1f0       _newsfeed_get_date         1005d1f0 f   newsfeed.obj
 0001:0005c230       _newsfeed_get_description  1005d230 f   newsfeed.obj
 0001:0005c270       _newsfeed_get_generator    1005d270 f   newsfeed.obj
 0001:0005c2b0       _newsfeed_get_item         1005d2b0 f   newsfeed.obj
 0001:0005c310       _newsfeed_get_language     1005d310 f   newsfeed.obj
 0001:0005c350       _newsfeed_get_response_code 1005d350 f   newsfeed.obj
 0001:0005c390       _newsfeed_get_timeout      1005d390 f   newsfeed.obj
 0001:0005c3d0       _newsfeed_get_title        1005d3d0 f   newsfeed.obj
 0001:0005c410       _newsfeed_get_url          1005d410 f   newsfeed.obj
 0001:0005c450       _newsfeed_item_list_get_count 1005d450 f   newsfeed.obj
 0001:0005c4b0       _newsfeed_new              1005d4b0 f   newsfeed.obj
 0001:0005c5d0       _newsfeed_set_author       1005d5d0 f   newsfeed.obj
 0001:0005c690       _newsfeed_set_date         1005d690 f   newsfeed.obj
 0001:0005c6e0       _newsfeed_set_description  1005d6e0 f   newsfeed.obj
 0001:0005c7a0       _newsfeed_set_generator    1005d7a0 f   newsfeed.obj
 0001:0005c860       _newsfeed_set_language     1005d860 f   newsfeed.obj
 0001:0005c920       _newsfeed_set_timeout      1005d920 f   newsfeed.obj
 0001:0005c960       _newsfeed_set_title        1005d960 f   newsfeed.obj
 0001:0005ca20       _newsfeed_set_url          1005da20 f   newsfeed.obj
 0001:0005cae0       _newsfeed_update           1005dae0 f   newsfeed.obj
 0001:0005cb20       _newsfeed_item_free        1005db20 f   newsfeed_item.obj
 0001:0005cc60       _newsfeed_item_get_author  1005dc60 f   newsfeed_item.obj
 0001:0005cca0       _newsfeed_item_get_date_modified 1005dca0 f   newsfeed_item.obj
 0001:0005cce0       _newsfeed_item_get_date_published 1005dce0 f   newsfeed_item.obj
 0001:0005cd20       _newsfeed_item_get_enclosure 1005dd20 f   newsfeed_item.obj
 0001:0005cd60       _newsfeed_item_get_feed    1005dd60 f   newsfeed_item.obj
 0001:0005cda0       _newsfeed_item_get_id      1005dda0 f   newsfeed_item.obj
 0001:0005cde0       _newsfeed_item_get_summary 1005dde0 f   newsfeed_item.obj
 0001:0005ce20       _newsfeed_item_get_text    1005de20 f   newsfeed_item.obj
 0001:0005ce60       _newsfeed_item_get_title   1005de60 f   newsfeed_item.obj
 0001:0005cea0       _newsfeed_item_get_url     1005dea0 f   newsfeed_item.obj
 0001:0005cee0       _newsfeed_item_new         1005dee0 f   newsfeed_item.obj
 0001:0005cfe0       _newsfeed_item_set_author  1005dfe0 f   newsfeed_item.obj
 0001:0005d0a0       _newsfeed_item_set_date_modified 1005e0a0 f   newsfeed_item.obj
 0001:0005d0f0       _newsfeed_item_set_date_published 1005e0f0 f   newsfeed_item.obj
 0001:0005d140       _newsfeed_item_set_enclosure 1005e140 f   newsfeed_item.obj
 0001:0005d180       _newsfeed_item_set_id      1005e180 f   newsfeed_item.obj
 0001:0005d240       _newsfeed_item_set_summary 1005e240 f   newsfeed_item.obj
 0001:0005d300       _newsfeed_item_set_text    1005e300 f   newsfeed_item.obj
 0001:0005d3c0       _newsfeed_item_set_title   1005e3c0 f   newsfeed_item.obj
 0001:0005d480       _newsfeed_item_set_url     1005e480 f   newsfeed_item.obj
 0001:0005d540       _newsfeed_item_enclosure_free 1005e540 f   newsfeed_item_enclosure.obj
 0001:0005d5e0       _newsfeed_item_enclosure_get_size 1005e5e0 f   newsfeed_item_enclosure.obj
 0001:0005d620       _newsfeed_item_enclosure_get_type 1005e620 f   newsfeed_item_enclosure.obj
 0001:0005d660       _newsfeed_item_enclosure_get_url 1005e660 f   newsfeed_item_enclosure.obj
 0001:0005d6a0       _newsfeed_item_enclosure_new 1005e6a0 f   newsfeed_item_enclosure.obj
 0001:0005d740       _newsfeed_item_enclosure_set_size 1005e740 f   newsfeed_item_enclosure.obj
 0001:0005d780       _newsfeed_item_enclosure_set_type 1005e780 f   newsfeed_item_enclosure.obj
 0001:0005d840       _newsfeed_item_enclosure_set_url 1005e840 f   newsfeed_item_enclosure.obj
 0001:0005da30       _newsfeed_rfc822_date_parse 1005ea30 f   newsfeed_private.obj
 0001:0005db50       _newsfeed_parser_get_attribute_value 1005eb50 f   parser.obj
 0001:0005dc10       _newsfeed_parser_set_expat_handlers 1005ec10 f   parser.obj
 0001:0005dc40       _newsfeed_writefunc        1005ec40 f   parser.obj
 0001:0005dc70       _newsfeed_parser_atom03_end 1005ec70 f   parser_atom03.obj
 0001:0005e2a0       _newsfeed_parser_atom03_start 1005f2a0 f   parser_atom03.obj
 0001:0005e4b0       _newsfeed_parser_atom10_end 1005f4b0 f   parser_atom10.obj
 0001:0005ea80       _newsfeed_parser_atom10_start 1005fa80 f   parser_atom10.obj
 0001:0005ec90       _newsfeed_parser_rdf_end   1005fc90 f   parser_rdf.obj
 0001:0005f300       _newsfeed_parser_rdf_start 10060300 f   parser_rdf.obj
 0001:0005f430       _newsfeed_parser_rss20_end 10060430 f   parser_rss20.obj
 0001:0005fb90       _newsfeed_parser_rss20_start 10060b90 f   parser_rss20.obj
 0001:0005fde0       _mailimap_acl_deleteacl    10060de0 f   acl.obj
 0001:0005ffa0       _mailimap_acl_getacl       10060fa0 f   acl.obj
 0001:000602d0       _mailimap_acl_listrights   100612d0 f   acl.obj
 0001:000605d0       _mailimap_acl_myrights     100615d0 f   acl.obj
 0001:000608e0       _mailimap_acl_setacl       100618e0 f   acl.obj
 0001:00060ab0       _mailimap_has_acl          10061ab0 f   acl.obj
 0001:00060b10       _mailimap_acl_acl_data_parse 10061b10 f   acl_parser.obj
 0001:00060d90       _mailimap_acl_identifier_parse 10061d90 f   acl_parser.obj
 0001:00060e00       _mailimap_acl_identifier_rights_parse 10061e00 f   acl_parser.obj
 0001:00060ff0       _mailimap_acl_listrights_data_parse 10061ff0 f   acl_parser.obj
 0001:00061320       _mailimap_acl_myrights_data_parse 10062320 f   acl_parser.obj
 0001:00061570       _mailimap_acl_parse        10062570 f   acl_parser.obj
 0001:00061870       _mailimap_acl_rights_parse 10062870 f   acl_parser.obj
 0001:000618e0       _mailimap_acl_deleteacl_send 100628e0 f   acl_sender.obj
 0001:000619e0       _mailimap_acl_getacl_send  100629e0 f   acl_sender.obj
 0001:00061af0       _mailimap_acl_listrights_send 10062af0 f   acl_sender.obj
 0001:00061c50       _mailimap_acl_myrights_send 10062c50 f   acl_sender.obj
 0001:00061d00       _mailimap_acl_setacl_send  10062d00 f   acl_sender.obj
 0001:00061e50       _mailimap_acl_acl_data_free 10062e50 f   acl_types.obj
 0001:00061ef0       _mailimap_acl_acl_data_new 10062ef0 f   acl_types.obj
 0001:00061f70       _mailimap_acl_free         10062f70 f   acl_types.obj
 0001:00062040       _mailimap_acl_identifier_free 10063040 f   acl_types.obj
 0001:00062090       _mailimap_acl_identifier_rights_free 10063090 f   acl_types.obj
 0001:00062110       _mailimap_acl_identifier_rights_new 10063110 f   acl_types.obj
 0001:00062190       _mailimap_acl_listrights_data_free 10063190 f   acl_types.obj
 0001:00062240       _mailimap_acl_listrights_data_new 10063240 f   acl_types.obj
 0001:000622d0       _mailimap_acl_myrights_data_free 100632d0 f   acl_types.obj
 0001:00062350       _mailimap_acl_myrights_data_new 10063350 f   acl_types.obj
 0001:000623d0       _mailimap_acl_rights_free  100633d0 f   acl_types.obj
 0001:00062420       _mailimap_annotatemore_getannotation 10063420 f   annotatemore.obj
 0001:00062750       _mailimap_annotatemore_setannotation 10063750 f   annotatemore.obj
 0001:00062a10       _mailimap_has_annotatemore 10063a10 f   annotatemore.obj
 0001:00062a70       _mailimap_annotatemore_annotate_data_parse 10063a70 f   annotatemore_parser.obj
 0001:00062cc0       _mailimap_annotatemore_att_value_parse 10063cc0 f   annotatemore_parser.obj
 0001:00062ea0       _mailimap_annotatemore_attrib_parse 10063ea0 f   annotatemore_parser.obj
 0001:00062f10       _mailimap_annotatemore_entry_att_parse 10063f10 f   annotatemore_parser.obj
 0001:00063180       _mailimap_annotatemore_entry_list_parse 10064180 f   annotatemore_parser.obj
 0001:00063420       _mailimap_annotatemore_entry_parse 10064420 f   annotatemore_parser.obj
 0001:00063490       _mailimap_annotatemore_parse 10064490 f   annotatemore_parser.obj
 0001:00063660       _mailimap_annotatemore_text_code_annotatemore_parse 10064660 f   annotatemore_parser.obj
 0001:000637e0       _mailimap_annotatemore_value_parse 100647e0 f   annotatemore_parser.obj
 0001:00063b90       _mailimap_annotatemore_getannotation_send 10064b90 f   annotatemore_sender.obj
 0001:00063d70       _mailimap_annotatemore_setannotation_send 10064d70 f   annotatemore_sender.obj
 0001:00063ed0       _mailimap_annotatemore_annotate_data_free 10064ed0 f   annotatemore_types.obj
 0001:00063f50       _mailimap_annotatemore_annotate_data_new 10064f50 f   annotatemore_types.obj
 0001:00063fd0       _mailimap_annotatemore_att_value_free 10064fd0 f   annotatemore_types.obj
 0001:00064050       _mailimap_annotatemore_att_value_new 10065050 f   annotatemore_types.obj
 0001:000640d0       _mailimap_annotatemore_attrib_free 100650d0 f   annotatemore_types.obj
 0001:00064120       _mailimap_annotatemore_attrib_match_list_add 10065120 f   annotatemore_types.obj
 0001:000641f0       _mailimap_annotatemore_attrib_match_list_free 100651f0 f   annotatemore_types.obj
 0001:00064280       _mailimap_annotatemore_attrib_match_list_new 10065280 f   annotatemore_types.obj
 0001:00064300       _mailimap_annotatemore_attrib_match_list_new_empty 10065300 f   annotatemore_types.obj
 0001:00064370       _mailimap_annotatemore_entry_att_add 10065370 f   annotatemore_types.obj
 0001:00064420       _mailimap_annotatemore_entry_att_free 10065420 f   annotatemore_types.obj
 0001:000644c0       _mailimap_annotatemore_entry_att_list_add 100654c0 f   annotatemore_types.obj
 0001:00064540       _mailimap_annotatemore_entry_att_list_free 10065540 f   annotatemore_types.obj
 0001:000645d0       _mailimap_annotatemore_entry_att_list_new 100655d0 f   annotatemore_types.obj
 0001:00064650       _mailimap_annotatemore_entry_att_list_new_empty 10065650 f   annotatemore_types.obj
 0001:000646c0       _mailimap_annotatemore_entry_att_new 100656c0 f   annotatemore_types.obj
 0001:00064740       _mailimap_annotatemore_entry_att_new_empty 10065740 f   annotatemore_types.obj
 0001:000647c0       _mailimap_annotatemore_entry_free 100657c0 f   annotatemore_types.obj
 0001:00064810       _mailimap_annotatemore_entry_list_free 10065810 f   annotatemore_types.obj
 0001:000648e0       _mailimap_annotatemore_entry_list_new 100658e0 f   annotatemore_types.obj
 0001:000649a0       _mailimap_annotatemore_entry_match_list_add 100659a0 f   annotatemore_types.obj
 0001:00064a70       _mailimap_annotatemore_entry_match_list_free 10065a70 f   annotatemore_types.obj
 0001:00064b00       _mailimap_annotatemore_entry_match_list_new 10065b00 f   annotatemore_types.obj
 0001:00064b80       _mailimap_annotatemore_entry_match_list_new_empty 10065b80 f   annotatemore_types.obj
 0001:00064bf0       _mailimap_annotatemore_free 10065bf0 f   annotatemore_types.obj
 0001:00064c80       _mailimap_annotatemore_value_free 10065c80 f   annotatemore_types.obj
 0001:00065350       _mailimap_examine_condstore 10066350 f   condstore.obj
 0001:000653b0       _mailimap_examine_condstore_optional 100663b0 f   condstore.obj
 0001:00065710       _mailimap_fetch_att_new_modseq 10066710 f   condstore.obj
 0001:000657c0       _mailimap_fetch_changedsince 100667c0 f   condstore.obj
 0001:00065830       _mailimap_has_condstore    10066830 f   condstore.obj
 0001:00065890       _mailimap_search_key_new_modseq 10066890 f   condstore.obj
 0001:00065930       _mailimap_search_literalplus_modseq 10066930 f   condstore.obj
 0001:000659a0       _mailimap_search_modseq    100669a0 f   condstore.obj
 0001:00065a10       _mailimap_select_condstore 10066a10 f   condstore.obj
 0001:00065a70       _mailimap_select_condstore_optional 10066a70 f   condstore.obj
 0001:00065dd0       _mailimap_store_unchangedsince 10066dd0 f   condstore.obj
 0001:00065e40       _mailimap_store_unchangedsince_optional 10066e40 f   condstore.obj
 0001:00066010       _mailimap_uid_fetch_changedsince 10067010 f   condstore.obj
 0001:00066080       _mailimap_uid_search_literalplus_modseq 10067080 f   condstore.obj
 0001:000660f0       _mailimap_uid_search_modseq 100670f0 f   condstore.obj
 0001:00066160       _mailimap_uid_store_unchangedsince 10067160 f   condstore.obj
 0001:000661d0       _mailimap_uid_store_unchangedsince_optional 100671d0 f   condstore.obj
 0001:00066ea0       _mailimap_condstore_fetch_mod_resp_free 10067ea0 f   condstore_types.obj
 0001:00066f00       _mailimap_condstore_fetch_mod_resp_new 10067f00 f   condstore_types.obj
 0001:00066f80       _mailimap_condstore_resptextcode_free 10067f80 f   condstore_types.obj
 0001:00067010       _mailimap_condstore_resptextcode_new 10068010 f   condstore_types.obj
 0001:000670d0       _mailimap_condstore_search_free 100680d0 f   condstore_types.obj
 0001:00067170       _mailimap_condstore_search_new 10068170 f   condstore_types.obj
 0001:00067200       _mailimap_condstore_status_info_free 10068200 f   condstore_types.obj
 0001:00067260       _mailimap_condstore_status_info_new 10068260 f   condstore_types.obj
 0001:000676a0       _mailimap_enable           100686a0 f   enable.obj
 0001:00067c20       _mailimap_has_enable       10068c20 f   enable.obj
 0001:00067cf0       _mailimap_has_idle         10068cf0 f   idle.obj
 0001:00067d50       _mailimap_idle             10068d50 f   idle.obj
 0001:00068090       _mailimap_idle_done        10069090 f   idle.obj
 0001:00068210       _mailimap_idle_get_done_delay 10069210 f   idle.obj
 0001:000682b0       _mailimap_idle_get_fd      100692b0 f   idle.obj
 0001:00068390       _mailimap_idle_set_delay   10069390 f   idle.obj
 0001:00068a10       _mailimap_append           10069a10 f   mailimap.obj
 0001:00068da0       _mailimap_authenticate     10069da0 f   mailimap.obj
 0001:000698a0       _mailimap_capability       1006a8a0 f   mailimap.obj
 0001:00069d50       _mailimap_check            1006ad50 f   mailimap.obj
 0001:00069f10       _mailimap_close            1006af10 f   mailimap.obj
 0001:0006a100       _mailimap_connect          1006b100 f   mailimap.obj
 0001:0006a2a0       _mailimap_copy             1006b2a0 f   mailimap.obj
 0001:0006a460       _mailimap_create           1006b460 f   mailimap.obj
 0001:0006a630       _mailimap_custom_command   1006b630 f   mailimap.obj
 0001:0006a7d0       _mailimap_delete           1006b7d0 f   mailimap.obj
 0001:0006a9a0       _mailimap_examine          1006b9a0 f   mailimap.obj
 0001:0006aa40       _mailimap_expunge          1006ba40 f   mailimap.obj
 0001:0006ac00       _mailimap_fetch            1006bc00 f   mailimap.obj
 0001:0006ac70       _mailimap_fetch_list_free  1006bc70 f   mailimap.obj
 0001:0006ace0       _mailimap_free             1006bce0 f   mailimap.obj
 0001:0006ae10       _mailimap_get_timeout      1006be10 f   mailimap.obj
 0001:0006ae50       _mailimap_is_163_workaround_enabled 1006be50 f   mailimap.obj
 0001:0006ae90       _mailimap_is_qip_workaround_enabled 1006be90 f   mailimap.obj
 0001:0006aed0       _mailimap_is_rambler_workaround_enabled 1006bed0 f   mailimap.obj
 0001:0006af10       _mailimap_list             1006bf10 f   mailimap.obj
 0001:0006b100       _mailimap_list_result_free 1006c100 f   mailimap.obj
 0001:0006b170       _mailimap_login            1006c170 f   mailimap.obj
 0001:0006b3c0       _mailimap_logout           1006c3c0 f   mailimap.obj
 0001:0006b5e0       _mailimap_lsub             1006c5e0 f   mailimap.obj
 0001:0006b7d0       _mailimap_move             1006c7d0 f   mailimap.obj
 0001:0006b990       _mailimap_new              1006c990 f   mailimap.obj
 0001:0006bbf0       _mailimap_noop             1006cbf0 f   mailimap.obj
 0001:0006bd90       _mailimap_parse_response   1006cd90 f   mailimap.obj
 0001:0006c140       _mailimap_read_line        1006d140 f   mailimap.obj
 0001:0006c1a0       _mailimap_rename           1006d1a0 f   mailimap.obj
 0001:0006c370       _mailimap_search           1006d370 f   mailimap.obj
 0001:0006c3d0       _mailimap_search_literalplus 1006d3d0 f   mailimap.obj
 0001:0006c430       _mailimap_search_result_free 1006d430 f   mailimap.obj
 0001:0006c4a0       _mailimap_select           1006d4a0 f   mailimap.obj
 0001:0006c540       _mailimap_send_current_tag 1006d540 f   mailimap.obj
 0001:0006c690       _mailimap_set_163_workaround_enabled 1006d690 f   mailimap.obj
 0001:0006c6d0       _mailimap_set_logger       1006d6d0 f   mailimap.obj
 0001:0006c720       _mailimap_set_msg_att_handler 1006d720 f   mailimap.obj
 0001:0006c770       _mailimap_set_msg_body_handler 1006d770 f   mailimap.obj
 0001:0006c7c0       _mailimap_set_progress_callback 1006d7c0 f   mailimap.obj
 0001:0006c810       _mailimap_set_qip_workaround_enabled 1006d810 f   mailimap.obj
 0001:0006c860       _mailimap_set_rambler_workaround_enabled 1006d860 f   mailimap.obj
 0001:0006c8b0       _mailimap_set_timeout      1006d8b0 f   mailimap.obj
 0001:0006c900       _mailimap_starttls         1006d900 f   mailimap.obj
 0001:0006caa0       _mailimap_status           1006daa0 f   mailimap.obj
 0001:0006cc90       _mailimap_store            1006dc90 f   mailimap.obj
 0001:0006ccf0       _mailimap_subscribe        1006dcf0 f   mailimap.obj
 0001:0006cec0       _mailimap_uid_copy         1006dec0 f   mailimap.obj
 0001:0006d080       _mailimap_uid_fetch        1006e080 f   mailimap.obj
 0001:0006d0f0       _mailimap_uid_move         1006e0f0 f   mailimap.obj
 0001:0006d2b0       _mailimap_uid_search       1006e2b0 f   mailimap.obj
 0001:0006d310       _mailimap_uid_search_literalplus 1006e310 f   mailimap.obj
 0001:0006d370       _mailimap_uid_store        1006e370 f   mailimap.obj
 0001:0006d3d0       _mailimap_unsubscribe      1006e3d0 f   mailimap.obj
 0001:0006e2d0       _mailimap_compress         1006f2d0 f   mailimap_compress.obj
 0001:0006e500       _mailimap_has_compress_deflate 1006f500 f   mailimap_compress.obj
 0001:0006e560       _mailimap_extension_data_free 1006f560 f   mailimap_extension.obj
 0001:0006e600       _mailimap_extension_data_new 1006f600 f   mailimap_extension.obj
 0001:0006e690       _mailimap_extension_data_parse 1006f690 f   mailimap_extension.obj
 0001:0006e850       _mailimap_extension_data_store 1006f850 f   mailimap_extension.obj
 0001:0006e8e0       _mailimap_extension_register 1006f8e0 f   mailimap_extension.obj
 0001:0006e970       _mailimap_extension_unregister_all 1006f970 f   mailimap_extension.obj
 0001:0006e9d0       _mailimap_has_authentication 1006f9d0 f   mailimap_extension.obj
 0001:0006eb10       _mailimap_has_extension    1006fb10 f   mailimap_extension.obj
 0001:0006ec50       _mailimap_append_simple    1006fc50 f   mailimap_helper.obj
 0001:0006ecc0       _mailimap_fetch_envelope   1006fcc0 f   mailimap_helper.obj
 0001:0006edd0       _mailimap_fetch_rfc822     1006fdd0 f   mailimap_helper.obj
 0001:0006f000       _mailimap_fetch_rfc822_header 10070000 f   mailimap_helper.obj
 0001:0006f230       _mailimap_login_simple     10070230 f   mailimap_helper.obj
 0001:0006f320       _mailimap_has_id           10070320 f   mailimap_id.obj
 0001:0006f380       _mailimap_id               10070380 f   mailimap_id.obj
 0001:0006f640       _mailimap_id_basic         10070640 f   mailimap_id.obj
 0001:0006fef0       _mailimap_id_parse         10070ef0 f   mailimap_id_parser.obj
 0001:000702e0       _mailimap_id_send          100712e0 f   mailimap_id_sender.obj
 0001:00070390       _mailimap_id_param_free    10071390 f   mailimap_id_types.obj
 0001:00070410       _mailimap_id_param_new     10071410 f   mailimap_id_types.obj
 0001:00070490       _mailimap_id_params_list_add_name_value 10071490 f   mailimap_id_types.obj
 0001:00070540       _mailimap_id_params_list_free 10071540 f   mailimap_id_types.obj
 0001:000705d0       _mailimap_id_params_list_new 100715d0 f   mailimap_id_types.obj
 0001:00070650       _mailimap_id_params_list_new_empty 10071650 f   mailimap_id_types.obj
 0001:00070750       _mailimap_char_parse       10071750 f   mailimap_keywords.obj
 0001:000707d0       _mailimap_encoding_get_token_value 100717d0 f   mailimap_keywords.obj
 0001:00070830       _mailimap_flag_get_token_str 10071830 f   mailimap_keywords.obj
 0001:00070890       _mailimap_flag_get_token_value 10071890 f   mailimap_keywords.obj
 0001:00070a50       _mailimap_mbx_list_sflag_get_token_value 10071a50 f   mailimap_keywords.obj
 0001:00070ab0       _mailimap_media_basic_get_token_value 10071ab0 f   mailimap_keywords.obj
 0001:00070b10       _mailimap_month_get_token_str 10071b10 f   mailimap_keywords.obj
 0001:00070b70       _mailimap_month_get_token_value 10071b70 f   mailimap_keywords.obj
 0001:00070bd0       _mailimap_resp_cond_state_get_token_value 10071bd0 f   mailimap_keywords.obj
 0001:00070c30       _mailimap_resp_text_code_1_get_token_value 10071c30 f   mailimap_keywords.obj
 0001:00070c90       _mailimap_resp_text_code_2_get_token_value 10071c90 f   mailimap_keywords.obj
 0001:00070cf0       _mailimap_section_msgtext_get_token_value 10071cf0 f   mailimap_keywords.obj
 0001:00070d50       _mailimap_space_parse      10071d50 f   mailimap_keywords.obj
 0001:00070df0       _mailimap_status_att_get_token_str 10071df0 f   mailimap_keywords.obj
 0001:00070e50       _mailimap_status_att_get_token_value 10071e50 f   mailimap_keywords.obj
 0001:00070ef0       _mailimap_token_case_insensitive_parse 10071ef0 f   mailimap_keywords.obj
 0001:00071010       _mailimap_has_xoauth2      10072010 f   mailimap_oauth2.obj
 0001:00071070       _mailimap_oauth2_authenticate 10072070 f   mailimap_oauth2.obj
 0001:00072c40       _mailimap_astring_parse    10073c40 f   mailimap_parser.obj
 0001:00072e10       _mailimap_atom_parse       10073e10 f   mailimap_parser.obj
 0001:00076c20       _mailimap_capability_data_parse 10077c20 f   mailimap_parser.obj
 0001:00076dc0       _mailimap_capability_list_parse 10077dc0 f   mailimap_parser.obj
 0001:00077190       _mailimap_colon_parse      10078190 f   mailimap_parser.obj
 0001:000771f0       _mailimap_cont_req_or_resp_data_parse 100781f0 f   mailimap_parser.obj
 0001:00077580       _mailimap_continue_req_parse 10078580 f   mailimap_parser.obj
 0001:000778a0       _mailimap_cparenth_parse   100788a0 f   mailimap_parser.obj
 0001:000785a0       _mailimap_dquote_parse     100795a0 f   mailimap_parser.obj
 0001:0007ab00       _mailimap_greeting_parse   1007bb00 f   mailimap_parser.obj
 0001:0007ada0       _mailimap_hack_date_time_parse 1007bda0 f   mailimap_parser.obj
 0001:0007cee0       _mailimap_mailbox_list_parse 1007dee0 f   mailimap_parser.obj
 0001:0007d350       _mailimap_mailbox_parse    1007e350 f   mailimap_parser.obj
 0001:0007e7f0       _mailimap_mod_sequence_value_parse 1007f7f0 f   mailimap_parser.obj
 0001:00080810       _mailimap_nil_parse        10081810 f   mailimap_parser.obj
 0001:00080870       _mailimap_nstring_parse    10081870 f   mailimap_parser.obj
 0001:00080a00       _mailimap_number_parse     10081a00 f   mailimap_parser.obj
 0001:00080ba0       _mailimap_nz_number_alloc_parse 10081ba0 f   mailimap_parser.obj
 0001:00080cb0       _mailimap_nz_number_parse  10081cb0 f   mailimap_parser.obj
 0001:00080e60       _mailimap_oparenth_parse   10081e60 f   mailimap_parser.obj
 0001:00080f20       _mailimap_quoted_char_parse 10081f20 f   mailimap_parser.obj
 0001:00082dc0       _mailimap_response_data_parse 10083dc0 f   mailimap_parser.obj
 0001:00083790       _mailimap_response_parse   10084790 f   mailimap_parser.obj
 0001:00083ad0       _mailimap_response_parse_with_context 10084ad0 f   mailimap_parser.obj
 0001:00084b80       _mailimap_set_parse        10085b80 f   mailimap_parser.obj
 0001:00085010       _mailimap_status_att_parse 10086010 f   mailimap_parser.obj
 0001:00085340       _mailimap_string_parse     10086340 f   mailimap_parser.obj
 0001:00085560       _mailimap_struct_list_parse 10086560 f   mailimap_parser.obj
 0001:00085830       _mailimap_struct_list_parse_progress 10086830 f   mailimap_parser.obj
 0001:00085b30       _mailimap_struct_multiple_parse 10086b30 f   mailimap_parser.obj
 0001:00086050       _mailimap_struct_spaced_list_parse 10087050 f   mailimap_parser.obj
 0001:000864d0       _mailimap_uint64_parse     100874d0 f   mailimap_parser.obj
 0001:00086650       _mailimap_uniqueid_parse   10087650 f   mailimap_parser.obj
 0001:00086c20       _mailimap_append_send      10087c20 f   mailimap_sender.obj
 0001:00086e50       _mailimap_astring_send     10087e50 f   mailimap_sender.obj
 0001:00086f90       _mailimap_authenticate_resp_send 10087f90 f   mailimap_sender.obj
 0001:00087000       _mailimap_authenticate_send 10088000 f   mailimap_sender.obj
 0001:00087110       _mailimap_capability_send  10088110 f   mailimap_sender.obj
 0001:00087180       _mailimap_char_send        10088180 f   mailimap_sender.obj
 0001:000871f0       _mailimap_check_send       100881f0 f   mailimap_sender.obj
 0001:00087260       _mailimap_close_send       10088260 f   mailimap_sender.obj
 0001:000872d0       _mailimap_copy_send        100882d0 f   mailimap_sender.obj
 0001:000873d0       _mailimap_cparenth_send    100883d0 f   mailimap_sender.obj
 0001:00087420       _mailimap_create_send      10088420 f   mailimap_sender.obj
 0001:000874d0       _mailimap_crlf_send        100884d0 f   mailimap_sender.obj
 0001:00087ba0       _mailimap_delete_send      10088ba0 f   mailimap_sender.obj
 0001:00087d00       _mailimap_examine_send     10088d00 f   mailimap_sender.obj
 0001:00087e50       _mailimap_expunge_send     10088e50 f   mailimap_sender.obj
 0001:000883e0       _mailimap_fetch_send       100893e0 f   mailimap_sender.obj
 0001:00088ac0       _mailimap_list_mailbox_send 10089ac0 f   mailimap_sender.obj
 0001:00088b20       _mailimap_list_send        10089b20 f   mailimap_sender.obj
 0001:00088c20       _mailimap_literal_count_send 10089c20 f   mailimap_sender.obj
 0001:00088c80       _mailimap_literal_data_send 10089c80 f   mailimap_sender.obj
 0001:00088ce0       _mailimap_literal_data_send_with_context 10089ce0 f   mailimap_sender.obj
 0001:00088d60       _mailimap_literal_send     10089d60 f   mailimap_sender.obj
 0001:00088f50       _mailimap_login_send       10089f50 f   mailimap_sender.obj
 0001:00089050       _mailimap_logout_send      1008a050 f   mailimap_sender.obj
 0001:000890c0       _mailimap_lsub_send        1008a0c0 f   mailimap_sender.obj
 0001:000891c0       _mailimap_mailbox_send     1008a1c0 f   mailimap_sender.obj
 0001:00089220       _mailimap_mod_sequence_value_send 1008a220 f   mailimap_sender.obj
 0001:00089280       _mailimap_move_send        1008a280 f   mailimap_sender.obj
 0001:00089380       _mailimap_noop_send        1008a380 f   mailimap_sender.obj
 0001:000893f0       _mailimap_number_send      1008a3f0 f   mailimap_sender.obj
 0001:000894b0       _mailimap_oparenth_send    1008a4b0 f   mailimap_sender.obj
 0001:00089680       _mailimap_quoted_send      1008a680 f   mailimap_sender.obj
 0001:00089750       _mailimap_rename_send      1008a750 f   mailimap_sender.obj
 0001:00089850       _mailimap_search_key_literalplus_send 1008a850 f   mailimap_sender.obj
 0001:00089f20       _mailimap_search_key_send  1008af20 f   mailimap_sender.obj
 0001:00089f80       _mailimap_search_literalplus_send 1008af80 f   mailimap_sender.obj
 0001:0008a0f0       _mailimap_search_send      1008b0f0 f   mailimap_sender.obj
 0001:0008a700       _mailimap_select_send      1008b700 f   mailimap_sender.obj
 0001:0008a850       _mailimap_send_custom_command 1008b850 f   mailimap_sender.obj
 0001:0008aa40       _mailimap_set_send         1008ba40 f   mailimap_sender.obj
 0001:0008ab80       _mailimap_space_send       1008bb80 f   mailimap_sender.obj
 0001:0008abd0       _mailimap_starttls_send    1008bbd0 f   mailimap_sender.obj
 0001:0008ad10       _mailimap_status_send      1008bd10 f   mailimap_sender.obj
 0001:0008afc0       _mailimap_store_send       1008bfc0 f   mailimap_sender.obj
 0001:0008b350       _mailimap_struct_spaced_list_send 1008c350 f   mailimap_sender.obj
 0001:0008b3b0       _mailimap_subscribe_send   1008c3b0 f   mailimap_sender.obj
 0001:0008b460       _mailimap_tag_send         1008c460 f   mailimap_sender.obj
 0001:0008b4c0       _mailimap_token_send       1008c4c0 f   mailimap_sender.obj
 0001:0008b530       _mailimap_uid_copy_send    1008c530 f   mailimap_sender.obj
 0001:0008b5d0       _mailimap_uid_fetch_send   1008c5d0 f   mailimap_sender.obj
 0001:0008b670       _mailimap_uid_move_send    1008c670 f   mailimap_sender.obj
 0001:0008b710       _mailimap_uid_search_literalplus_send 1008c710 f   mailimap_sender.obj
 0001:0008b7b0       _mailimap_uid_search_send  1008c7b0 f   mailimap_sender.obj
 0001:0008b850       _mailimap_uid_store_send   1008c850 f   mailimap_sender.obj
 0001:0008b900       _mailimap_uint64_send      1008c900 f   mailimap_sender.obj
 0001:0008b9d0       _mailimap_unsubscribe_send 1008c9d0 f   mailimap_sender.obj
 0001:0008cfa0       _mailimap_socket_connect   1008dfa0 f   mailimap_socket.obj
 0001:0008d000       _mailimap_socket_connect_voip 1008e000 f   mailimap_socket.obj
 0001:0008d110       _mailimap_socket_starttls  1008e110 f   mailimap_socket.obj
 0001:0008d170       _mailimap_socket_starttls_with_callback 1008e170 f   mailimap_socket.obj
 0001:0008d630       _mailimap_sort             1008e630 f   mailimap_sort.obj
 0001:0008d940       _mailimap_sort_key_send    1008e940 f   mailimap_sort.obj
 0001:0008db10       _mailimap_sort_result_free 1008eb10 f   mailimap_sort.obj
 0001:0008db80       _mailimap_sort_send        1008eb80 f   mailimap_sort.obj
 0001:0008dd20       _mailimap_uid_sort         1008ed20 f   mailimap_sort.obj
 0001:0008e030       _mailimap_uid_sort_send    1008f030 f   mailimap_sort.obj
 0001:0008e0e0       _mailimap_sort_key_free    1008f0e0 f   mailimap_sort_types.obj
 0001:0008e180       _mailimap_sort_key_multiple_add 1008f180 f   mailimap_sort_types.obj
 0001:0008e200       _mailimap_sort_key_new     1008f200 f   mailimap_sort_types.obj
 0001:0008e2a0       _mailimap_sort_key_new_arrival 1008f2a0 f   mailimap_sort_types.obj
 0001:0008e300       _mailimap_sort_key_new_cc  1008f300 f   mailimap_sort_types.obj
 0001:0008e360       _mailimap_sort_key_new_date 1008f360 f   mailimap_sort_types.obj
 0001:0008e3c0       _mailimap_sort_key_new_from 1008f3c0 f   mailimap_sort_types.obj
 0001:0008e420       _mailimap_sort_key_new_multiple 1008f420 f   mailimap_sort_types.obj
 0001:0008e480       _mailimap_sort_key_new_multiple_empty 1008f480 f   mailimap_sort_types.obj
 0001:0008e4f0       _mailimap_sort_key_new_size 1008f4f0 f   mailimap_sort_types.obj
 0001:0008e550       _mailimap_sort_key_new_subject 1008f550 f   mailimap_sort_types.obj
 0001:0008e5b0       _mailimap_sort_key_new_to  1008f5b0 f   mailimap_sort_types.obj
 0001:0008e610       _mailimap_ssl_connect      1008f610 f   mailimap_ssl.obj
 0001:0008e670       _mailimap_ssl_connect_voip 1008f670 f   mailimap_ssl.obj
 0001:0008e6e0       _mailimap_ssl_connect_voip_with_callback 1008f6e0 f   mailimap_ssl.obj
 0001:0008e800       _mailimap_ssl_connect_with_callback 1008f800 f   mailimap_ssl.obj
 0001:0008e870       _mailimap_addr_adl_free    1008f870 f   mailimap_types.obj
 0001:0008e8c0       _mailimap_addr_host_free   1008f8c0 f   mailimap_types.obj
 0001:0008e910       _mailimap_addr_mailbox_free 1008f910 f   mailimap_types.obj
 0001:0008e960       _mailimap_addr_name_free   1008f960 f   mailimap_types.obj
 0001:0008e9b0       _mailimap_address_free     1008f9b0 f   mailimap_types.obj
 0001:0008ead0       _mailimap_address_new      1008fad0 f   mailimap_types.obj
 0001:0008eb70       _mailimap_astring_free     1008fb70 f   mailimap_types.obj
 0001:0008ebe0       _mailimap_atom_free        1008fbe0 f   mailimap_types.obj
 0001:0008ec40       _mailimap_auth_type_free   1008fc40 f   mailimap_types.obj
 0001:0008ec90       _mailimap_base64_free      1008fc90 f   mailimap_types.obj
 0001:0008ecf0       _mailimap_body_ext_1part_free 1008fcf0 f   mailimap_types.obj
 0001:0008edd0       _mailimap_body_ext_1part_new 1008fdd0 f   mailimap_types.obj
 0001:0008eef0       _mailimap_body_ext_mpart_free 1008fef0 f   mailimap_types.obj
 0001:0008efe0       _mailimap_body_ext_mpart_new 1008ffe0 f   mailimap_types.obj
 0001:0008f090       _mailimap_body_extension_free 10090090 f   mailimap_types.obj
 0001:0008f140       _mailimap_body_extension_new 10090140 f   mailimap_types.obj
 0001:0008f210       _mailimap_body_fields_free 10090210 f   mailimap_types.obj
 0001:0008f2c0       _mailimap_body_fields_new  100902c0 f   mailimap_types.obj
 0001:0008f370       _mailimap_body_fld_desc_free 10090370 f   mailimap_types.obj
 0001:0008f3c0       _mailimap_body_fld_dsp_free 100903c0 f   mailimap_types.obj
 0001:0008f460       _mailimap_body_fld_dsp_new 10090460 f   mailimap_types.obj
 0001:0008f4e0       _mailimap_body_fld_enc_free 100904e0 f   mailimap_types.obj
 0001:0008f560       _mailimap_body_fld_enc_new 10090560 f   mailimap_types.obj
 0001:0008f5e0       _mailimap_body_fld_id_free 100905e0 f   mailimap_types.obj
 0001:0008f630       _mailimap_body_fld_lang_free 10090630 f   mailimap_types.obj
 0001:0008f700       _mailimap_body_fld_lang_new 10090700 f   mailimap_types.obj
 0001:0008f7c0       _mailimap_body_fld_loc_free 100907c0 f   mailimap_types.obj
 0001:0008f810       _mailimap_body_fld_md5_free 10090810 f   mailimap_types.obj
 0001:0008f860       _mailimap_body_fld_param_free 10090860 f   mailimap_types.obj
 0001:0008f8f0       _mailimap_body_fld_param_new 100908f0 f   mailimap_types.obj
 0001:0008f970       _mailimap_body_free        10090970 f   mailimap_types.obj
 0001:0008fa20       _mailimap_body_new         10090a20 f   mailimap_types.obj
 0001:0008fae0       _mailimap_body_type_1part_free 10090ae0 f   mailimap_types.obj
 0001:0008fbd0       _mailimap_body_type_1part_new 10090bd0 f   mailimap_types.obj
 0001:0008fcb0       _mailimap_body_type_basic_free 10090cb0 f   mailimap_types.obj
 0001:0008fd30       _mailimap_body_type_basic_new 10090d30 f   mailimap_types.obj
 0001:0008fdb0       _mailimap_body_type_mpart_free 10090db0 f   mailimap_types.obj
 0001:0008fe70       _mailimap_body_type_mpart_new 10090e70 f   mailimap_types.obj
 0001:0008ff00       _mailimap_body_type_msg_free 10090f00 f   mailimap_types.obj
 0001:0008ffa0       _mailimap_body_type_msg_new 10090fa0 f   mailimap_types.obj
 0001:00090040       _mailimap_body_type_text_free 10091040 f   mailimap_types.obj
 0001:000900c0       _mailimap_body_type_text_new 100910c0 f   mailimap_types.obj
 0001:00090150       _mailimap_capability_data_free 10091150 f   mailimap_types.obj
 0001:000901e0       _mailimap_capability_data_new 100911e0 f   mailimap_types.obj
 0001:00090260       _mailimap_capability_free  10091260 f   mailimap_types.obj
 0001:00090330       _mailimap_capability_new   10091330 f   mailimap_types.obj
 0001:000903f0       _mailimap_connection_info_free 100913f0 f   mailimap_types.obj
 0001:00090470       _mailimap_connection_info_new 10091470 f   mailimap_types.obj
 0001:000904f0       _mailimap_cont_req_or_resp_data_free 100914f0 f   mailimap_types.obj
 0001:000905b0       _mailimap_cont_req_or_resp_data_new 100915b0 f   mailimap_types.obj
 0001:00090670       _mailimap_continue_req_free 10091670 f   mailimap_types.obj
 0001:00090720       _mailimap_continue_req_new 10091720 f   mailimap_types.obj
 0001:00090840       _mailimap_date_free        10091840 f   mailimap_types.obj
 0001:000908a0       _mailimap_date_new         100918a0 f   mailimap_types.obj
 0001:00090930       _mailimap_date_time_free   10091930 f   mailimap_types.obj
 0001:00090990       _mailimap_date_time_new    10091990 f   mailimap_types.obj
 0001:00090a50       _mailimap_env_bcc_free     10091a50 f   mailimap_types.obj
 0001:00090ac0       _mailimap_env_bcc_new      10091ac0 f   mailimap_types.obj
 0001:00090b40       _mailimap_env_cc_free      10091b40 f   mailimap_types.obj
 0001:00090bb0       _mailimap_env_cc_new       10091bb0 f   mailimap_types.obj
 0001:00090c30       _mailimap_env_date_free    10091c30 f   mailimap_types.obj
 0001:00090c80       _mailimap_env_from_free    10091c80 f   mailimap_types.obj
 0001:00090cf0       _mailimap_env_from_new     10091cf0 f   mailimap_types.obj
 0001:00090d70       _mailimap_env_in_reply_to_free 10091d70 f   mailimap_types.obj
 0001:00090dc0       _mailimap_env_message_id_free 10091dc0 f   mailimap_types.obj
 0001:00090e10       _mailimap_env_reply_to_free 10091e10 f   mailimap_types.obj
 0001:00090e80       _mailimap_env_reply_to_new 10091e80 f   mailimap_types.obj
 0001:00090f00       _mailimap_env_sender_free  10091f00 f   mailimap_types.obj
 0001:00090f70       _mailimap_env_sender_new   10091f70 f   mailimap_types.obj
 0001:00090ff0       _mailimap_env_subject_free 10091ff0 f   mailimap_types.obj
 0001:00091040       _mailimap_env_to_free      10092040 f   mailimap_types.obj
 0001:000910b0       _mailimap_env_to_new       100920b0 f   mailimap_types.obj
 0001:00091130       _mailimap_envelope_free    10092130 f   mailimap_types.obj
 0001:000912c0       _mailimap_envelope_new     100922c0 f   mailimap_types.obj
 0001:000913a0       _mailimap_fetch_att_free   100923a0 f   mailimap_types.obj
 0001:00091450       _mailimap_fetch_att_new    10092450 f   mailimap_types.obj
 0001:00091500       _mailimap_fetch_type_free  10092500 f   mailimap_types.obj
 0001:000915d0       _mailimap_fetch_type_new   100925d0 f   mailimap_types.obj
 0001:00091690       _mailimap_flag_extension_free 10092690 f   mailimap_types.obj
 0001:000916e0       _mailimap_flag_fetch_free  100926e0 f   mailimap_types.obj
 0001:00091760       _mailimap_flag_fetch_new   10092760 f   mailimap_types.obj
 0001:000917e0       _mailimap_flag_free        100927e0 f   mailimap_types.obj
 0001:00091890       _mailimap_flag_keyword_free 10092890 f   mailimap_types.obj
 0001:000918e0       _mailimap_flag_list_free   100928e0 f   mailimap_types.obj
 0001:00091970       _mailimap_flag_list_new    10092970 f   mailimap_types.obj
 0001:000919f0       _mailimap_flag_new         100929f0 f   mailimap_types.obj
 0001:00091ab0       _mailimap_flag_perm_free   10092ab0 f   mailimap_types.obj
 0001:00091b30       _mailimap_flag_perm_new    10092b30 f   mailimap_types.obj
 0001:00091bb0       _mailimap_greeting_free    10092bb0 f   mailimap_types.obj
 0001:00091c60       _mailimap_greeting_new     10092c60 f   mailimap_types.obj
 0001:00091d20       _mailimap_header_fld_name_free 10092d20 f   mailimap_types.obj
 0001:00091d70       _mailimap_header_list_free 10092d70 f   mailimap_types.obj
 0001:00091e00       _mailimap_header_list_new  10092e00 f   mailimap_types.obj
 0001:00091e80       _mailimap_literal_free     10092e80 f   mailimap_types.obj
 0001:00091f20       _mailimap_mailbox_data_free 10092f20 f   mailimap_types.obj
 0001:00092150       _mailimap_mailbox_data_new 10093150 f   mailimap_types.obj
 0001:000922a0       _mailimap_mailbox_data_search_free 100932a0 f   mailimap_types.obj
 0001:00092310       _mailimap_mailbox_data_status_free 10093310 f   mailimap_types.obj
 0001:000923b0       _mailimap_mailbox_data_status_new 100933b0 f   mailimap_types.obj
 0001:00092430       _mailimap_mailbox_free     10093430 f   mailimap_types.obj
 0001:00092480       _mailimap_mailbox_list_free 10093480 f   mailimap_types.obj
 0001:00092520       _mailimap_mailbox_list_new 10093520 f   mailimap_types.obj
 0001:000925b0       _mailimap_mbx_list_flags_free 100935b0 f   mailimap_types.obj
 0001:00092640       _mailimap_mbx_list_flags_new 10093640 f   mailimap_types.obj
 0001:000926d0       _mailimap_mbx_list_oflag_free 100936d0 f   mailimap_types.obj
 0001:00092750       _mailimap_mbx_list_oflag_new 10093750 f   mailimap_types.obj
 0001:000927d0       _mailimap_media_basic_free 100937d0 f   mailimap_types.obj
 0001:00092850       _mailimap_media_basic_new  10093850 f   mailimap_types.obj
 0001:000928e0       _mailimap_media_subtype_free 100938e0 f   mailimap_types.obj
 0001:00092930       _mailimap_media_text_free  10093930 f   mailimap_types.obj
 0001:00092980       _mailimap_message_data_free 10093980 f   mailimap_types.obj
 0001:00092a00       _mailimap_message_data_new 10093a00 f   mailimap_types.obj
 0001:00092a90       _mailimap_msg_att_body_free 10093a90 f   mailimap_types.obj
 0001:00092ae0       _mailimap_msg_att_body_section_free 10093ae0 f   mailimap_types.obj
 0001:00092b80       _mailimap_msg_att_body_section_new 10093b80 f   mailimap_types.obj
 0001:00092c20       _mailimap_msg_att_bodystructure_free 10093c20 f   mailimap_types.obj
 0001:00092c70       _mailimap_msg_att_dynamic_free 10093c70 f   mailimap_types.obj
 0001:00092d00       _mailimap_msg_att_dynamic_new 10093d00 f   mailimap_types.obj
 0001:00092d80       _mailimap_msg_att_envelope_free 10093d80 f   mailimap_types.obj
 0001:00092dd0       _mailimap_msg_att_free     10093dd0 f   mailimap_types.obj
 0001:00092e60       _mailimap_msg_att_internaldate_free 10093e60 f   mailimap_types.obj
 0001:00092eb0       _mailimap_msg_att_item_free 10093eb0 f   mailimap_types.obj
 0001:00092f80       _mailimap_msg_att_item_new 10093f80 f   mailimap_types.obj
 0001:00093050       _mailimap_msg_att_new      10094050 f   mailimap_types.obj
 0001:000930e0       _mailimap_msg_att_rfc822_free 100940e0 f   mailimap_types.obj
 0001:00093130       _mailimap_msg_att_rfc822_header_free 10094130 f   mailimap_types.obj
 0001:00093180       _mailimap_msg_att_rfc822_text_free 10094180 f   mailimap_types.obj
 0001:000931d0       _mailimap_msg_att_static_free 100941d0 f   mailimap_types.obj
 0001:000933b0       _mailimap_msg_att_static_new 100943b0 f   mailimap_types.obj
 0001:00093550       _mailimap_nstring_free     10094550 f   mailimap_types.obj
 0001:000935b0       _mailimap_number_alloc_free 100945b0 f   mailimap_types.obj
 0001:00093610       _mailimap_number_alloc_new 10094610 f   mailimap_types.obj
 0001:00093690       _mailimap_parser_context_free 10094690 f   mailimap_types.obj
 0001:000936f0       _mailimap_parser_context_is_qip_workaround_enabled 100946f0 f   mailimap_types.obj
 0001:00093760       _mailimap_parser_context_is_rambler_workaround_enabled 10094760 f   mailimap_types.obj
 0001:000937d0       _mailimap_parser_context_new 100947d0 f   mailimap_types.obj
 0001:000938b0       _mailimap_resp_cond_auth_free 100948b0 f   mailimap_types.obj
 0001:00093920       _mailimap_resp_cond_auth_new 10094920 f   mailimap_types.obj
 0001:000939a0       _mailimap_resp_cond_bye_free 100949a0 f   mailimap_types.obj
 0001:00093a10       _mailimap_resp_cond_bye_new 10094a10 f   mailimap_types.obj
[...]
               exported name: mailsession_connect_path
      933    _mailsession_connect_stream
               exported name: mailsession_connect_stream
      934    _mailsession_copy_message
               exported name: mailsession_copy_message
      935    _mailsession_create_folder
               exported name: mailsession_create_folder
      936    _mailsession_delete_folder
               exported name: mailsession_delete_folder
      937    _mailsession_examine_folder
               exported name: mailsession_examine_folder
      938    _mailsession_expunge_folder
               exported name: mailsession_expunge_folder
      939    _mailsession_free
               exported name: mailsession_free
      940    _mailsession_get_envelopes_list
               exported name: mailsession_get_envelopes_list
      941    _mailsession_get_message
               exported name: mailsession_get_message
      942    _mailsession_get_message_by_uid
               exported name: mailsession_get_message_by_uid
      943    _mailsession_get_messages_list
               exported name: mailsession_get_messages_list
      944    _mailsession_list_folders
               exported name: mailsession_list_folders
      945    _mailsession_login
               exported name: mailsession_login
      946    _mailsession_login_sasl
               exported name: mailsession_login_sasl
      947    _mailsession_logout
               exported name: mailsession_logout
      948    _mailsession_lsub_folders
               exported name: mailsession_lsub_folders
      949    _mailsession_messages_number
               exported name: mailsession_messages_number
      950    _mailsession_move_message
               exported name: mailsession_move_message
      951    _mailsession_new
               exported name: mailsession_new
      952    _mailsession_noop
               exported name: mailsession_noop
      953    _mailsession_parameters
               exported name: mailsession_parameters
      954    _mailsession_recent_number
               exported name: mailsession_recent_number
      955    _mailsession_remove_message
               exported name: mailsession_remove_message
      956    _mailsession_rename_folder
               exported name: mailsession_rename_folder
      957    _mailsession_select_folder
               exported name: mailsession_select_folder
      958    _mailsession_starttls
               exported name: mailsession_starttls
      959    _mailsession_status_folder
               exported name: mailsession_status_folder
      960    _mailsession_subscribe_folder
               exported name: mailsession_subscribe_folder
      961    _mailsession_unseen_number
               exported name: mailsession_unseen_number
      962    _mailsession_unsubscribe_folder
               exported name: mailsession_unsubscribe_folder
      963    _mailsmtp_auth
               exported name: mailsmtp_auth
      964    _mailsmtp_auth_login
               exported name: mailsmtp_auth_login
      965    _mailsmtp_auth_type
               exported name: mailsmtp_auth_type
      966    _mailsmtp_connect
               exported name: mailsmtp_connect
      967    _mailsmtp_data
               exported name: mailsmtp_data
      968    _mailsmtp_data_message
               exported name: mailsmtp_data_message
      969    _mailsmtp_data_message_quit
               exported name: mailsmtp_data_message_quit
      970    _mailsmtp_data_message_quit_no_disconnect
               exported name: mailsmtp_data_message_quit_no_disconnect
      971    _mailsmtp_free
               exported name: mailsmtp_free
      972    _mailsmtp_get_timeout
               exported name: mailsmtp_get_timeout
      973    _mailsmtp_helo
               exported name: mailsmtp_helo
      974    _mailsmtp_helo_with_ip
               exported name: mailsmtp_helo_with_ip
      975    _mailsmtp_init
               exported name: mailsmtp_init
      976    _mailsmtp_init_with_ip
               exported name: mailsmtp_init_with_ip
      977    _mailsmtp_mail
               exported name: mailsmtp_mail
      978    _mailsmtp_new
               exported name: mailsmtp_new
      979    _mailsmtp_noop
               exported name: mailsmtp_noop
      980    _mailsmtp_oauth2_authenticate
               exported name: mailsmtp_oauth2_authenticate
      981    _mailsmtp_oauth2_outlook_authenticate
               exported name: mailsmtp_oauth2_outlook_authenticate
      982    _mailsmtp_quit
               exported name: mailsmtp_quit
      983    _mailsmtp_rcpt
               exported name: mailsmtp_rcpt
      984    _mailsmtp_reset
               exported name: mailsmtp_reset
      985    _mailsmtp_send
               exported name: mailsmtp_send
      986    _mailsmtp_set_logger
               exported name: mailsmtp_set_logger
      987    _mailsmtp_set_progress_callback
               exported name: mailsmtp_set_progress_callback
      988    _mailsmtp_set_timeout
               exported name: mailsmtp_set_timeout
      989    _mailsmtp_socket_connect
               exported name: mailsmtp_socket_connect
      990    _mailsmtp_socket_starttls
               exported name: mailsmtp_socket_starttls
      991    _mailsmtp_socket_starttls_with_callback
               exported name: mailsmtp_socket_starttls_with_callback
      992    _mailsmtp_ssl_connect
               exported name: mailsmtp_ssl_connect
      993    _mailsmtp_ssl_connect_with_callback
               exported name: mailsmtp_ssl_connect_with_callback
      994    _mailsmtp_strerror
               exported name: mailsmtp_strerror
      995    _mailstorage_connect
               exported name: mailstorage_connect
      996    _mailstorage_disconnect
               exported name: mailstorage_disconnect
      997    _mailstorage_free
               exported name: mailstorage_free
      998    _mailstorage_new
               exported name: mailstorage_new
      999    _mailstorage_noop
               exported name: mailstorage_noop
     1000    _mailstream_cancel
               exported name: mailstream_cancel
     1001    _mailstream_certificate_chain_free
               exported name: mailstream_certificate_chain_free
     1002    _mailstream_cfstream_enabled
               exported name: mailstream_cfstream_enabled
     1003    _mailstream_cfstream_voip_enabled
               exported name: mailstream_cfstream_voip_enabled
     1004    _mailstream_close
               exported name: mailstream_close
     1005    _mailstream_debug
               exported name: mailstream_debug
     1006    _mailstream_feed_read_buffer
               exported name: mailstream_feed_read_buffer
     1007    _mailstream_flush
               exported name: mailstream_flush
     1008    _mailstream_get_certificate_chain
               exported name: mailstream_get_certificate_chain
     1009    _mailstream_get_low
               exported name: mailstream_get_low
     1010    _mailstream_gnutls_init_not_required
               exported name: mailstream_gnutls_init_not_required
     1011    _mailstream_interrupt_idle
               exported name: mailstream_interrupt_idle
     1012    _mailstream_log_error
               exported name: mailstream_log_error
     1013    _mailstream_logger
               exported name: mailstream_logger
     1014    _mailstream_logger_id
               exported name: mailstream_logger_id
     1015    _mailstream_low_cancel
               exported name: mailstream_low_cancel
     1016    _mailstream_low_close
               exported name: mailstream_low_close
     1017    _mailstream_low_compress_open
               exported name: mailstream_low_compress_open
     1018    _mailstream_low_compress_wait_idle
               exported name: mailstream_low_compress_wait_idle
     1019    _mailstream_low_free
               exported name: mailstream_low_free
     1020    _mailstream_low_get_cancel
               exported name: mailstream_low_get_cancel
     1021    _mailstream_low_get_certificate_chain
               exported name: mailstream_low_get_certificate_chain
     1022    _mailstream_low_get_fd
               exported name: mailstream_low_get_fd
     1023    _mailstream_low_get_identifier
               exported name: mailstream_low_get_identifier
     1024    _mailstream_low_get_timeout
               exported name: mailstream_low_get_timeout
     1025    _mailstream_low_interrupt_idle
               exported name: mailstream_low_interrupt_idle
     1026    _mailstream_low_log_error
               exported name: mailstream_low_log_error
     1027    _mailstream_low_new
               exported name: mailstream_low_new
     1028    _mailstream_low_set_identifier
               exported name: mailstream_low_set_identifier
     1029    _mailstream_low_set_logger
               exported name: mailstream_low_set_logger
     1030    _mailstream_low_set_privacy
               exported name: mailstream_low_set_privacy
     1031    _mailstream_low_set_timeout
               exported name: mailstream_low_set_timeout
     1032    _mailstream_low_setup_idle
               exported name: mailstream_low_setup_idle
     1033    _mailstream_low_ssl_open
               exported name: mailstream_low_ssl_open
     1034    _mailstream_low_ssl_open_timeout
               exported name: mailstream_low_ssl_open_timeout
     1035    _mailstream_low_ssl_open_with_callback
               exported name: mailstream_low_ssl_open_with_callback
     1036    _mailstream_low_ssl_open_with_callback_timeout
               exported name: mailstream_low_ssl_open_with_callback_timeout
     1037    _mailstream_low_tls_open
               exported name: mailstream_low_tls_open
     1038    _mailstream_low_tls_open_timeout
               exported name: mailstream_low_tls_open_timeout
     1039    _mailstream_low_tls_open_with_callback
               exported name: mailstream_low_tls_open_with_callback
     1040    _mailstream_low_tls_open_with_callback_timeout
               exported name: mailstream_low_tls_open_with_callback_timeout
     1041    _mailstream_low_unsetup_idle
               exported name: mailstream_low_unsetup_idle
     1042    _mailstream_low_wait_idle
               exported name: mailstream_low_wait_idle
     1043    _mailstream_network_delay
               exported name: mailstream_network_delay
     1044    _mailstream_new
               exported name: mailstream_new
     1045    _mailstream_openssl_init_not_required
               exported name: mailstream_openssl_init_not_required
     1046    _mailstream_read
               exported name: mailstream_read
     1047    _mailstream_set_logger
               exported name: mailstream_set_logger
     1048    _mailstream_set_low
               exported name: mailstream_set_low
     1049    _mailstream_set_privacy
               exported name: mailstream_set_privacy
     1050    _mailstream_setup_idle
               exported name: mailstream_setup_idle
     1051    _mailstream_ssl_get_certificate
               exported name: mailstream_ssl_get_certificate
     1052    _mailstream_ssl_get_fd
               exported name: mailstream_ssl_get_fd
     1053    _mailstream_ssl_get_openssl_ssl_ctx
               exported name: mailstream_ssl_get_openssl_ssl_ctx
     1054    _mailstream_ssl_init_not_required
               exported name: mailstream_ssl_init_not_required
     1055    _mailstream_ssl_open
               exported name: mailstream_ssl_open
     1056    _mailstream_ssl_open_timeout
               exported name: mailstream_ssl_open_timeout
     1057    _mailstream_ssl_open_with_callback
               exported name: mailstream_ssl_open_with_callback
     1058    _mailstream_ssl_open_with_callback_timeout
               exported name: mailstream_ssl_open_with_callback_timeout
     1059    _mailstream_ssl_set_client_certicate
               exported name: mailstream_ssl_set_client_certicate
     1060    _mailstream_ssl_set_client_certificate_data
               exported name: mailstream_ssl_set_client_certificate_data
     1061    _mailstream_ssl_set_server_certicate
               exported name: mailstream_ssl_set_server_certicate
     1062    _mailstream_ssl_set_server_name
               exported name: mailstream_ssl_set_server_name
     1063    _mailstream_unsetup_idle
               exported name: mailstream_unsetup_idle
     1064    _mailstream_wait_idle
               exported name: mailstream_wait_idle
     1065    _mailstream_write
               exported name: mailstream_write
     1066    _mailstream_write_hj
               exported name: mailstream_write_hj
     1067    _mailthread_tree_timecomp
               exported name: mailthread_tree_timecomp
     1068    _mbox_mailstorage_init
               exported name: mbox_mailstorage_init
     1069    _mh_mailstorage_init
               exported name: mh_mailstorage_init
     1070    _mmap_string_append
               exported name: mmap_string_append
     1071    _mmap_string_append_c
               exported name: mmap_string_append_c
     1072    _mmap_string_append_len
               exported name: mmap_string_append_len
     1073    _mmap_string_assign
               exported name: mmap_string_assign
     1074    _mmap_string_erase
               exported name: mmap_string_erase
     1075    _mmap_string_free
               exported name: mmap_string_free
     1076    _mmap_string_insert
               exported name: mmap_string_insert
     1077    _mmap_string_insert_c
               exported name: mmap_string_insert_c
     1078    _mmap_string_insert_len
               exported name: mmap_string_insert_len
     1079    _mmap_string_new
               exported name: mmap_string_new
     1080    _mmap_string_new_len
               exported name: mmap_string_new_len
     1081    _mmap_string_prepend
               exported name: mmap_string_prepend
     1082    _mmap_string_prepend_c
               exported name: mmap_string_prepend_c
     1083    _mmap_string_prepend_len
               exported name: mmap_string_prepend_len
     1084    _mmap_string_ref
               exported name: mmap_string_ref
     1085    _mmap_string_set_ceil
               exported name: mmap_string_set_ceil
     1086    _mmap_string_set_size
               exported name: mmap_string_set_size
     1087    _mmap_string_set_tmpdir
               exported name: mmap_string_set_tmpdir
     1088    _mmap_string_sized_new
               exported name: mmap_string_sized_new
     1089    _mmap_string_truncate
               exported name: mmap_string_truncate
     1090    _mmap_string_unref
               exported name: mmap_string_unref
     1091    _newsnntp_article
               exported name: newsnntp_article
     1092    _newsnntp_article_by_message_id
               exported name: newsnntp_article_by_message_id
     1093    _newsnntp_article_free
               exported name: newsnntp_article_free
     1094    _newsnntp_authinfo_generic
               exported name: newsnntp_authinfo_generic
     1095    _newsnntp_authinfo_password
               exported name: newsnntp_authinfo_password
     1096    _newsnntp_authinfo_username
               exported name: newsnntp_authinfo_username
     1097    _newsnntp_body
               exported name: newsnntp_body
     1098    _newsnntp_body_free
               exported name: newsnntp_body_free
     1099    _newsnntp_connect
               exported name: newsnntp_connect
     1100    _newsnntp_date
               exported name: newsnntp_date
     1101    _newsnntp_free
               exported name: newsnntp_free
     1102    _newsnntp_get_timeout
               exported name: newsnntp_get_timeout
     1103    _newsnntp_group
               exported name: newsnntp_group
     1104    _newsnntp_group_free
               exported name: newsnntp_group_free
     1105    _newsnntp_head
               exported name: newsnntp_head
     1106    _newsnntp_head_free
               exported name: newsnntp_head_free
     1107    _newsnntp_list
               exported name: newsnntp_list
     1108    _newsnntp_list_active
               exported name: newsnntp_list_active
     1109    _newsnntp_list_active_free
               exported name: newsnntp_list_active_free
     1110    _newsnntp_list_active_times
               exported name: newsnntp_list_active_times
     1111    _newsnntp_list_active_times_free
               exported name: newsnntp_list_active_times_free
     1112    _newsnntp_list_distrib_pats
               exported name: newsnntp_list_distrib_pats
     1113    _newsnntp_list_distrib_pats_free
               exported name: newsnntp_list_distrib_pats_free
     1114    _newsnntp_list_distribution
               exported name: newsnntp_list_distribution
     1115    _newsnntp_list_distribution_free
               exported name: newsnntp_list_distribution_free
     1116    _newsnntp_list_free
               exported name: newsnntp_list_free
     1117    _newsnntp_list_newsgroups
               exported name: newsnntp_list_newsgroups
     1118    _newsnntp_list_newsgroups_free
               exported name: newsnntp_list_newsgroups_free
     1119    _newsnntp_list_overview_fmt
               exported name: newsnntp_list_overview_fmt
     1120    _newsnntp_list_overview_fmt_free
               exported name: newsnntp_list_overview_fmt_free
     1121    _newsnntp_list_subscriptions
               exported name: newsnntp_list_subscriptions
     1122    _newsnntp_list_subscriptions_free
               exported name: newsnntp_list_subscriptions_free
     1123    _newsnntp_listgroup
               exported name: newsnntp_listgroup
     1124    _newsnntp_listgroup_free
               exported name: newsnntp_listgroup_free
     1125    _newsnntp_mode_reader
               exported name: newsnntp_mode_reader
     1126    _newsnntp_new
               exported name: newsnntp_new
     1127    _newsnntp_post
               exported name: newsnntp_post
     1128    _newsnntp_quit
               exported name: newsnntp_quit
     1129    _newsnntp_set_logger
               exported name: newsnntp_set_logger
     1130    _newsnntp_set_progress_callback
               exported name: newsnntp_set_progress_callback
     1131    _newsnntp_set_timeout
               exported name: newsnntp_set_timeout
     1132    _newsnntp_socket_connect
               exported name: newsnntp_socket_connect
     1133    _newsnntp_ssl_connect
               exported name: newsnntp_ssl_connect
     1134    _newsnntp_ssl_connect_with_callback
               exported name: newsnntp_ssl_connect_with_callback
     1135    _newsnntp_xhdr_free
               exported name: newsnntp_xhdr_free
     1136    _newsnntp_xhdr_range
               exported name: newsnntp_xhdr_range
     1137    _newsnntp_xhdr_single
               exported name: newsnntp_xhdr_single
     1138    _newsnntp_xover_range
               exported name: newsnntp_xover_range
     1139    _newsnntp_xover_resp_list_free
               exported name: newsnntp_xover_resp_list_free
     1140    _newsnntp_xover_single
               exported name: newsnntp_xover_single
     1141    _nntp_mailstorage_init
               exported name: nntp_mailstorage_init
     1142    _nntp_mailstorage_init_with_local_address
               exported name: nntp_mailstorage_init_with_local_address
     1143    _pop3_mailstorage_init
               exported name: pop3_mailstorage_init
     1144    _pop3_mailstorage_init_sasl
               exported name: pop3_mailstorage_init_sasl
     1145    _pop3_mailstorage_init_sasl_with_local_address
               exported name: pop3_mailstorage_init_sasl_with_local_address
     1146    _smtp_address_list_add
               exported name: smtp_address_list_add
     1147    _smtp_address_list_free
               exported name: smtp_address_list_free
     1148    _smtp_address_list_new
               exported name: smtp_address_list_new
